Archive member included because of file (symbol)

c:/program files (x86)/microchip/xc32/v2.20/bin/bin/../../lib/gcc/pic32mx/4.8.3/../../../../pic32mx/lib/micromips\libpic32.a(memset.o)
                              build/default/production/mcc_generated_files/usb/usb_device.o (memset)
c:/program files (x86)/microchip/xc32/v2.20/bin/bin/../../lib/gcc/pic32mx/4.8.3/../../../../pic32mx/lib/micromips\libpic32.a(default-bootstrap-exception-handler.o)
                              C:\Users\Ariel\AppData\Local\Temp\ccJTPtFk.o (_bootstrap_exception_handler)
c:/program files (x86)/microchip/xc32/v2.20/bin/bin/../../lib/gcc/pic32mx/4.8.3/../../../../pic32mx/lib/micromips\libpic32.a(default-on-reset.o)
                              C:\Users\Ariel\AppData\Local\Temp\ccJTPtFk.o (_on_reset)
c:/program files (x86)/microchip/xc32/v2.20/bin/bin/../../lib/gcc/pic32mx/4.8.3/../../../../pic32mx/lib/micromips\libpic32.a(default-on-bootstrap.o)
                              C:\Users\Ariel\AppData\Local\Temp\ccJTPtFk.o (_on_bootstrap)
c:/program files (x86)/microchip/xc32/v2.20/bin/bin/../../lib/gcc/pic32mx/4.8.3/../../../../pic32mx/lib/micromips\libpic32.a(default-nmi-handler.o)
                              C:\Users\Ariel\AppData\Local\Temp\ccJTPtFk.o (_nmi_handler)
c:/program files (x86)/microchip/xc32/v2.20/bin/bin/../../lib/gcc/pic32mx/4.8.3/../../../../pic32mx/lib/micromips\libpic32.a(pic32_data_init.o)
                              C:\Users\Ariel\AppData\Local\Temp\ccJTPtFk.o (__pic32_data_init)
c:/program files (x86)/microchip/xc32/v2.20/bin/bin/../../lib/gcc/pic32mx/4.8.3/../../../../pic32mx/lib/micromips\libpic32.a(general-exception.o)
                              C:\Users\Ariel\AppData\Local\Temp\ccJTPtFk.o (_general_exception_context)
c:/program files (x86)/microchip/xc32/v2.20/bin/bin/../../lib/gcc/pic32mx/4.8.3/../../../../pic32mx/lib/micromips\libpic32.a(vector0.o)
                              C:\Users\Ariel\AppData\Local\Temp\cc9NNchV.o (__vector_dispatch_0)
c:/program files (x86)/microchip/xc32/v2.20/bin/bin/../../lib/gcc/pic32mx/4.8.3/../../../../pic32mx/lib/micromips\libpic32.a(vector1.o)
                              C:\Users\Ariel\AppData\Local\Temp\cc9NNchV.o (__vector_dispatch_1)
c:/program files (x86)/microchip/xc32/v2.20/bin/bin/../../lib/gcc/pic32mx/4.8.3/../../../../pic32mx/lib/micromips\libpic32.a(vector2.o)
                              C:\Users\Ariel\AppData\Local\Temp\cc9NNchV.o (__vector_dispatch_2)
c:/program files (x86)/microchip/xc32/v2.20/bin/bin/../../lib/gcc/pic32mx/4.8.3/../../../../pic32mx/lib/micromips\libpic32.a(vector3.o)
                              C:\Users\Ariel\AppData\Local\Temp\cc9NNchV.o (__vector_dispatch_3)
c:/program files (x86)/microchip/xc32/v2.20/bin/bin/../../lib/gcc/pic32mx/4.8.3/../../../../pic32mx/lib/micromips\libpic32.a(vector4.o)
                              C:\Users\Ariel\AppData\Local\Temp\cc9NNchV.o (__vector_dispatch_4)
c:/program files (x86)/microchip/xc32/v2.20/bin/bin/../../lib/gcc/pic32mx/4.8.3/../../../../pic32mx/lib/micromips\libpic32.a(vector5.o)
                              C:\Users\Ariel\AppData\Local\Temp\cc9NNchV.o (__vector_dispatch_5)
c:/program files (x86)/microchip/xc32/v2.20/bin/bin/../../lib/gcc/pic32mx/4.8.3/../../../../pic32mx/lib/micromips\libpic32.a(vector6.o)
                              C:\Users\Ariel\AppData\Local\Temp\cc9NNchV.o (__vector_dispatch_6)
c:/program files (x86)/microchip/xc32/v2.20/bin/bin/../../lib/gcc/pic32mx/4.8.3/../../../../pic32mx/lib/micromips\libpic32.a(vector7.o)
                              C:\Users\Ariel\AppData\Local\Temp\cc9NNchV.o (__vector_dispatch_7)
c:/program files (x86)/microchip/xc32/v2.20/bin/bin/../../lib/gcc/pic32mx/4.8.3/../../../../pic32mx/lib/micromips\libpic32.a(vector10.o)
                              C:\Users\Ariel\AppData\Local\Temp\cc9NNchV.o (__vector_dispatch_10)
c:/program files (x86)/microchip/xc32/v2.20/bin/bin/../../lib/gcc/pic32mx/4.8.3/../../../../pic32mx/lib/micromips\libpic32.a(vector11.o)
                              C:\Users\Ariel\AppData\Local\Temp\cc9NNchV.o (__vector_dispatch_11)
c:/program files (x86)/microchip/xc32/v2.20/bin/bin/../../lib/gcc/pic32mx/4.8.3/../../../../pic32mx/lib/micromips\libpic32.a(vector12.o)
                              C:\Users\Ariel\AppData\Local\Temp\cc9NNchV.o (__vector_dispatch_12)
c:/program files (x86)/microchip/xc32/v2.20/bin/bin/../../lib/gcc/pic32mx/4.8.3/../../../../pic32mx/lib/micromips\libpic32.a(vector13.o)
                              C:\Users\Ariel\AppData\Local\Temp\cc9NNchV.o (__vector_dispatch_13)
c:/program files (x86)/microchip/xc32/v2.20/bin/bin/../../lib/gcc/pic32mx/4.8.3/../../../../pic32mx/lib/micromips\libpic32.a(vector14.o)
                              C:\Users\Ariel\AppData\Local\Temp\cc9NNchV.o (__vector_dispatch_14)
c:/program files (x86)/microchip/xc32/v2.20/bin/bin/../../lib/gcc/pic32mx/4.8.3/../../../../pic32mx/lib/micromips\libpic32.a(vector15.o)
[...]
Memory Configuration

Name             Origin             Length             Attributes
kseg0_program_mem 0x9d000000         0x00040000         xr
debug_exec_mem   0x9fc00490         0x00000760
kseg0_boot_mem   0x9fc00490         0x00000000
kseg1_boot_mem   0xbfc00000         0x00000490
config_BFC01744  0xbfc01744         0x00000004
config_BFC01748  0xbfc01748         0x00000004
config_BFC0174C  0xbfc0174c         0x00000004
config_BFC01750  0xbfc01750         0x00000004
config_BFC01754  0xbfc01754         0x00000004
config_BFC01758  0xbfc01758         0x00000004
config_BFC01760  0xbfc01760         0x00000004
config_BFC017C4  0xbfc017c4         0x00000004
config_BFC017C8  0xbfc017c8         0x00000004
config_BFC017CC  0xbfc017cc         0x00000004
config_BFC017D0  0xbfc017d0         0x00000004
config_BFC017D4  0xbfc017d4         0x00000004
config_BFC017D8  0xbfc017d8         0x00000004
config_BFC017E0  0xbfc017e0         0x00000004
kseg0_data_mem   0x80000000         0x00008000         w !x
sfrs             0xbf800000         0x00100000
configsfrs_BFC01740 0xbfc01740         0x0000001c
configsfrs_BFC017C0 0xbfc017c0         0x0000001c
*default*        0x00000000         0xffffffff

Linker script and memory map

LOAD c:/program files (x86)/microchip/xc32/v2.20/bin/bin/../../lib/gcc/pic32mx/4.8.3/../../../../pic32mx/lib/micromips\debug-exception-return-mm.o
LOAD build/default/production/mcc_generated_files/usb/usb_device_events.o
LOAD build/default/production/mcc_generated_files/usb/usb_device.o
LOAD build/default/production/mcc_generated_files/usb/usb_descriptors.o
LOAD build/default/production/mcc_generated_files/usb/usb_device_cdc.o
LOAD build/default/production/mcc_generated_files/system.o
LOAD build/default/production/mcc_generated_files/clock.o
LOAD build/default/production/mcc_generated_files/exceptions.o
LOAD build/default/production/mcc_generated_files/interrupt_manager.o
LOAD build/default/production/mcc_generated_files/mcc.o
LOAD build/default/production/mcc_generated_files/pin_manager.o
LOAD build/default/production/mcc_generated_files/tmr2.o
LOAD build/default/production/main.o
                0x00000001                __MPLAB_BUILD = 0x1
LOAD C:\Users\Ariel\AppData\Local\Temp\ccJTPtFk.o
LOAD C:\Users\Ariel\AppData\Local\Temp\ccCw2ysx.o
LOAD C:\Users\Ariel\AppData\Local\Temp\cc9NNchV.o
LOAD c:/program files (x86)/microchip/xc32/v2.20/bin/bin/../../lib/gcc/pic32mx/4.8.3/../../../../pic32mx/lib/./proc/32MM0256GPM064\default_isr_vectors.o
LOAD c:/program files (x86)/microchip/xc32/v2.20/bin/bin/../../lib/gcc/pic32mx/4.8.3/../../../../pic32mx/lib/micromips\pic32_software_reset-mm.o
                0x00000400                PROVIDE (_min_stack_size, 0x400)
START GROUP
LOAD c:/program files (x86)/microchip/xc32/v2.20/bin/bin/../../lib/gcc/pic32mx/4.8.3/../../../../pic32mx/lib/./proc/32MM0256GPM064\processor.o
END GROUP
                0x00000001                PROVIDE (_vector_spacing, 0x1)
                0x9d000000                PROVIDE (_ebase_address, 0x9d000000)
                0xbfc00000                _RESET_ADDR = 0xbfc00000
                0xbfc00380                _BEV_EXCPT_ADDR = 0xbfc00380
                0xbfc00480                _DBG_EXCPT_ADDR = 0xbfc00480
                0x9fc00490                _DBG_CODE_ADDR = 0x9fc00490
                0x00000760                _DBG_CODE_SIZE = 0x760
                0x9d000000                _SIMPLE_TLB_REFILL_EXCPT_ADDR = (_ebase_address + 0x0)
                0x9d000180                _GEN_EXCPT_ADDR = (_ebase_address + 0x180)

.config_BFC01744
 *(.config_BFC01744)

.config_BFC01748
 *(.config_BFC01748)

.config_BFC0174C
 *(.config_BFC0174C)

.config_BFC01750
 *(.config_BFC01750)

.config_BFC01754
 *(.config_BFC01754)

.config_BFC01758
 *(.config_BFC01758)

.config_BFC01760
 *(.config_BFC01760)

.config_BFC017C4
 *(.config_BFC017C4)

.config_BFC017C8
 *(.config_BFC017C8)

.config_BFC017CC
 *(.config_BFC017CC)

.config_BFC017D0
 *(.config_BFC017D0)

.config_BFC017D4
 *(.config_BFC017D4)

.config_BFC017D8
 *(.config_BFC017D8)

.config_BFC017E0
 *(.config_BFC017E0)

.reset          0xbfc00000      0x164
 *(.reset)
 .reset         0xbfc00000        0x8 C:\Users\Ariel\AppData\Local\Temp\ccJTPtFk.o
                0xbfc00001                _reset
 *(.reset.startup)
 .reset.startup
                0xbfc00008      0x15c C:\Users\Ariel\AppData\Local\Temp\ccJTPtFk.o
                0xbfc00009                _startup

.bev_excpt      0xbfc00380        0xc
 *(.bev_handler)
 .bev_handler   0xbfc00380        0xc C:\Users\Ariel\AppData\Local\Temp\ccJTPtFk.o

.dbg_excpt      0xbfc00480        0x0
                0xbfc00480                . = (. + DEFINED (_DEBUGGER)?0x8:0x0)

.dbg_code       0x9fc00490        0x0
                0x9fc00490                . = (. + DEFINED (_DEBUGGER)?_DBG_CODE_SIZE:0x0)

.app_excpt      0x9d000180        0xc
 *(.gen_handler)
 .gen_handler   0x9d000180        0xc C:\Users\Ariel\AppData\Local\Temp\ccJTPtFk.o

.vector_0       0x9d000200        0x8
 *(.vector_0)
 .vector_0      0x9d000200        0x8 c:/program files (x86)/microchip/xc32/v2.20/bin/bin/../../lib/gcc/pic32mx/4.8.3/../../../../pic32mx/lib/micromips\libpic32.a(vector0.o)
                0x9d000201                __vector_dispatch_0
                0x00000001                ASSERT (((_vector_spacing == 0x0) || (SIZEOF (.vector_0) <= (_vector_spacing << 0x3))), function at exception vector 0 too large)

.vector_1       0x9d000208        0x8
 *(.vector_1)
 .vector_1      0x9d000208        0x8 c:/program files (x86)/microchip/xc32/v2.20/bin/bin/../../lib/gcc/pic32mx/4.8.3/../../../../pic32mx/lib/micromips\libpic32.a(vector1.o)
                0x9d000209                __vector_dispatch_1
                0x00000001                ASSERT (((_vector_spacing == 0x0) || (SIZEOF (.vector_1) <= (_vector_spacing << 0x3))), function at exception vector 1 too large)

.vector_2       0x9d000210        0x8
 *(.vector_2)
 .vector_2      0x9d000210        0x8 c:/program files (x86)/microchip/xc32/v2.20/bin/bin/../../lib/gcc/pic32mx/4.8.3/../../../../pic32mx/lib/micromips\libpic32.a(vector2.o)
                0x9d000211                __vector_dispatch_2
                0x00000001                ASSERT (((_vector_spacing == 0x0) || (SIZEOF (.vector_2) <= (_vector_spacing << 0x3))), function at exception vector 2 too large)

.vector_3       0x9d000218        0x8
 *(.vector_3)
 .vector_3      0x9d000218        0x8 c:/program files (x86)/microchip/xc32/v2.20/bin/bin/../../lib/gcc/pic32mx/4.8.3/../../../../pic32mx/lib/micromips\libpic32.a(vector3.o)
                0x9d000219                __vector_dispatch_3
                0x00000001                ASSERT (((_vector_spacing == 0x0) || (SIZEOF (.vector_3) <= (_vector_spacing << 0x3))), function at exception vector 3 too large)

.vector_4       0x9d000220        0x8
 *(.vector_4)
 .vector_4      0x9d000220        0x8 c:/program files (x86)/microchip/xc32/v2.20/bin/bin/../../lib/gcc/pic32mx/4.8.3/../../../../pic32mx/lib/micromips\libpic32.a(vector4.o)
                0x9d000221                __vector_dispatch_4
                0x00000001                ASSERT (((_vector_spacing == 0x0) || (SIZEOF (.vector_4) <= (_vector_spacing << 0x3))), function at exception vector 4 too large)

.vector_5       0x9d000228        0x8
 *(.vector_5)
 .vector_5      0x9d000228        0x8 c:/program files (x86)/microchip/xc32/v2.20/bin/bin/../../lib/gcc/pic32mx/4.8.3/../../../../pic32mx/lib/micromips\libpic32.a(vector5.o)
                0x9d000229                __vector_dispatch_5
                0x00000001                ASSERT (((_vector_spacing == 0x0) || (SIZEOF (.vector_5) <= (_vector_spacing << 0x3))), function at exception vector 5 too large)

.vector_6       0x9d000230        0x8
 *(.vector_6)
 .vector_6      0x9d000230        0x8 c:/program files (x86)/microchip/xc32/v2.20/bin/bin/../../lib/gcc/pic32mx/4.8.3/../../../../pic32mx/lib/micromips\libpic32.a(vector6.o)
                0x9d000231                __vector_dispatch_6
                0x00000001                ASSERT (((_vector_spacing == 0x0) || (SIZEOF (.vector_6) <= (_vector_spacing << 0x3))), function at exception vector 6 too large)

.vector_7       0x9d000238        0x8
 *(.vector_7)
 .vector_7      0x9d000238        0x8 c:/program files (x86)/microchip/xc32/v2.20/bin/bin/../../lib/gcc/pic32mx/4.8.3/../../../../pic32mx/lib/micromips\libpic32.a(vector7.o)
                0x9d000239                __vector_dispatch_7
                0x00000001                ASSERT (((_vector_spacing == 0x0) || (SIZEOF (.vector_7) <= (_vector_spacing << 0x3))), function at exception vector 7 too large)

.vector_8       0x9d000240        0x8
 *(.vector_8)
 .vector_8      0x9d000240        0x8 build/default/production/mcc_generated_files/pin_manager.o
                0x9d000241                __vector_dispatch_8
                0x00000001                ASSERT (((_vector_spacing == 0x0) || (SIZEOF (.vector_8) <= (_vector_spacing << 0x3))), function at exception vector 8 too large)

.vector_9       0x9d000248        0x8
 *(.vector_9)
 .vector_9      0x9d000248        0x8 build/default/production/mcc_generated_files/pin_manager.o
                0x9d000249                __vector_dispatch_9
                0x00000001                ASSERT (((_vector_spacing == 0x0) || (SIZEOF (.vector_9) <= (_vector_spacing << 0x3))), function at exception vector 9 too large)

.vector_10      0x9d000250        0x8
 *(.vector_10)
 .vector_10     0x9d000250        0x8 c:/program files (x86)/microchip/xc32/v2.20/bin/bin/../../lib/gcc/pic32mx/4.8.3/../../../../pic32mx/lib/micromips\libpic32.a(vector10.o)
                0x9d000251                __vector_dispatch_10
                0x00000001                ASSERT (((_vector_spacing == 0x0) || (SIZEOF (.vector_10) <= (_vector_spacing << 0x3))), function at exception vector 10 too large)

.vector_11      0x9d000258        0x8
 *(.vector_11)
 .vector_11     0x9d000258        0x8 c:/program files (x86)/microchip/xc32/v2.20/bin/bin/../../lib/gcc/pic32mx/4.8.3/../../../../pic32mx/lib/micromips\libpic32.a(vector11.o)
                0x9d000259                __vector_dispatch_11
                0x00000001                ASSERT (((_vector_spacing == 0x0) || (SIZEOF (.vector_11) <= (_vector_spacing << 0x3))), function at exception vector 11 too large)

.vector_12      0x9d000260        0x8
 *(.vector_12)
 .vector_12     0x9d000260        0x8 c:/program files (x86)/microchip/xc32/v2.20/bin/bin/../../lib/gcc/pic32mx/4.8.3/../../../../pic32mx/lib/micromips\libpic32.a(vector12.o)
                0x9d000261                __vector_dispatch_12
                0x00000001                ASSERT (((_vector_spacing == 0x0) || (SIZEOF (.vector_12) <= (_vector_spacing << 0x3))), function at exception vector 12 too large)

.vector_13      0x9d000268        0x8
 *(.vector_13)
 .vector_13     0x9d000268        0x8 c:/program files (x86)/microchip/xc32/v2.20/bin/bin/../../lib/gcc/pic32mx/4.8.3/../../../../pic32mx/lib/micromips\libpic32.a(vector13.o)
                0x9d000269                __vector_dispatch_13
                0x00000001                ASSERT (((_vector_spacing == 0x0) || (SIZEOF (.vector_13) <= (_vector_spacing << 0x3))), function at exception vector 13 too large)

.vector_14      0x9d000270        0x8
 *(.vector_14)
 .vector_14     0x9d000270        0x8 c:/program files (x86)/microchip/xc32/v2.20/bin/bin/../../lib/gcc/pic32mx/4.8.3/../../../../pic32mx/lib/micromips\libpic32.a(vector14.o)
                0x9d000271                __vector_dispatch_14
                0x00000001                ASSERT (((_vector_spacing == 0x0) || (SIZEOF (.vector_14) <= (_vector_spacing << 0x3))), function at exception vector 14 too large)

.vector_15      0x9d000278        0x8
 *(.vector_15)
 .vector_15     0x9d000278        0x8 c:/program files (x86)/microchip/xc32/v2.20/bin/bin/../../lib/gcc/pic32mx/4.8.3/../../../../pic32mx/lib/micromips\libpic32.a(vector15.o)
                0x9d000279                __vector_dispatch_15
                0x00000001                ASSERT (((_vector_spacing == 0x0) || (SIZEOF (.vector_15) <= (_vector_spacing << 0x3))), function at exception vector 15 too large)

.vector_16      0x9d000280        0x8
 *(.vector_16)
 .vector_16     0x9d000280        0x8 c:/program files (x86)/microchip/xc32/v2.20/bin/bin/../../lib/gcc/pic32mx/4.8.3/../../../../pic32mx/lib/micromips\libpic32.a(vector16.o)
                0x9d000281                __vector_dispatch_16
                0x00000001                ASSERT (((_vector_spacing == 0x0) || (SIZEOF (.vector_16) <= (_vector_spacing << 0x3))), function at exception vector 16 too large)

.vector_17      0x9d000288        0x8
 *(.vector_17)
 .vector_17     0x9d000288        0x8 c:/program files (x86)/microchip/xc32/v2.20/bin/bin/../../lib/gcc/pic32mx/4.8.3/../../../../pic32mx/lib/micromips\libpic32.a(vector17.o)
                0x9d000289                __vector_dispatch_17
                0x00000001                ASSERT (((_vector_spacing == 0x0) || (SIZEOF (.vector_17) <= (_vector_spacing << 0x3))), function at exception vector 17 too large)

.vector_18      0x9d000290        0x8
 *(.vector_18)
 .vector_18     0x9d000290        0x8 build/default/production/mcc_generated_files/tmr2.o
                0x9d000291                __vector_dispatch_18
                0x00000001                ASSERT (((_vector_spacing == 0x0) || (SIZEOF (.vector_18) <= (_vector_spacing << 0x3))), function at exception vector 18 too large)

.vector_19      0x9d000298        0x8
 *(.vector_19)
 .vector_19     0x9d000298        0x8 c:/program files (x86)/microchip/xc32/v2.20/bin/bin/../../lib/gcc/pic32mx/4.8.3/../../../../pic32mx/lib/micromips\libpic32.a(vector19.o)
                0x9d000299                __vector_dispatch_19
                0x00000001                ASSERT (((_vector_spacing == 0x0) || (SIZEOF (.vector_19) <= (_vector_spacing << 0x3))), function at exception vector 19 too large)

.vector_20      0x9d0002a0        0x8
 *(.vector_20)
 .vector_20     0x9d0002a0        0x8 c:/program files (x86)/microchip/xc32/v2.20/bin/bin/../../lib/gcc/pic32mx/4.8.3/../../../../pic32mx/lib/micromips\libpic32.a(vector20.o)
                0x9d0002a1                __vector_dispatch_20
                0x00000001                ASSERT (((_vector_spacing == 0x0) || (SIZEOF (.vector_20) <= (_vector_spacing << 0x3))), function at exception vector 20 too large)

.vector_21      0x9d0002a8        0x8
 *(.vector_21)
 .vector_21     0x9d0002a8        0x8 c:/program files (x86)/microchip/xc32/v2.20/bin/bin/../../lib/gcc/pic32mx/4.8.3/../../../../pic32mx/lib/micromips\libpic32.a(vector21.o)
                0x9d0002a9                __vector_dispatch_21
                0x00000001                ASSERT (((_vector_spacing == 0x0) || (SIZEOF (.vector_21) <= (_vector_spacing << 0x3))), function at exception vector 21 too large)

.vector_22      0x9d0002b0        0x8
 *(.vector_22)
 .vector_22     0x9d0002b0        0x8 c:/program files (x86)/microchip/xc32/v2.20/bin/bin/../../lib/gcc/pic32mx/4.8.3/../../../../pic32mx/lib/micromips\libpic32.a(vector22.o)
                0x9d0002b1                __vector_dispatch_22
                0x00000001                ASSERT (((_vector_spacing == 0x0) || (SIZEOF (.vector_22) <= (_vector_spacing << 0x3))), function at exception vector 22 too large)

.vector_23      0x9d0002b8        0x8
 *(.vector_23)
 .vector_23     0x9d0002b8        0x8 c:/program files (x86)/microchip/xc32/v2.20/bin/bin/../../lib/gcc/pic32mx/4.8.3/../../../../pic32mx/lib/micromips\libpic32.a(vector23.o)
                0x9d0002b9                __vector_dispatch_23
                0x00000001                ASSERT (((_vector_spacing == 0x0) || (SIZEOF (.vector_23) <= (_vector_spacing << 0x3))), function at exception vector 23 too large)

.vector_24      0x9d0002c0        0x8
 *(.vector_24)
 .vector_24     0x9d0002c0        0x8 c:/program files (x86)/microchip/xc32/v2.20/bin/bin/../../lib/gcc/pic32mx/4.8.3/../../../../pic32mx/lib/micromips\libpic32.a(vector24.o)
                0x9d0002c1                __vector_dispatch_24
                0x00000001                ASSERT (((_vector_spacing == 0x0) || (SIZEOF (.vector_24) <= (_vector_spacing << 0x3))), function at exception vector 24 too large)

.vector_25      0x9d0002c8        0x8
 *(.vector_25)
 .vector_25     0x9d0002c8        0x8 c:/program files (x86)/microchip/xc32/v2.20/bin/bin/../../lib/gcc/pic32mx/4.8.3/../../../../pic32mx/lib/micromips\libpic32.a(vector25.o)
                0x9d0002c9                __vector_dispatch_25
                0x00000001                ASSERT (((_vector_spacing == 0x0) || (SIZEOF (.vector_25) <= (_vector_spacing << 0x3))), function at exception vector 25 too large)

.vector_26      0x9d0002d0        0x8
 *(.vector_26)
 .vector_26     0x9d0002d0        0x8 c:/program files (x86)/microchip/xc32/v2.20/bin/bin/../../lib/gcc/pic32mx/4.8.3/../../../../pic32mx/lib/micromips\libpic32.a(vector26.o)
                0x9d0002d1                __vector_dispatch_26
                0x00000001                ASSERT (((_vector_spacing == 0x0) || (SIZEOF (.vector_26) <= (_vector_spacing << 0x3))), function at exception vector 26 too large)

.vector_27      0x9d0002d8        0x8
 *(.vector_27)
 .vector_27     0x9d0002d8        0x8 c:/program files (x86)/microchip/xc32/v2.20/bin/bin/../../lib/gcc/pic32mx/4.8.3/../../../../pic32mx/lib/micromips\libpic32.a(vector27.o)
                0x9d0002d9                __vector_dispatch_27
                0x00000001                ASSERT (((_vector_spacing == 0x0) || (SIZEOF (.vector_27) <= (_vector_spacing << 0x3))), function at exception vector 27 too large)

.vector_28      0x9d0002e0        0x8
 *(.vector_28)
 .vector_28     0x9d0002e0        0x8 c:/program files (x86)/microchip/xc32/v2.20/bin/bin/../../lib/gcc/pic32mx/4.8.3/../../../../pic32mx/lib/micromips\libpic32.a(vector28.o)
                0x9d0002e1                __vector_dispatch_28
                0x00000001                ASSERT (((_vector_spacing == 0x0) || (SIZEOF (.vector_28) <= (_vector_spacing << 0x3))), function at exception vector 28 too large)

.vector_29      0x9d0002e8        0x8
 *(.vector_29)
 .vector_29     0x9d0002e8        0x8 build/default/production/mcc_generated_files/usb/usb_device_events.o
                0x9d0002e9                __vector_dispatch_29
                0x00000001                ASSERT (((_vector_spacing == 0x0) || (SIZEOF (.vector_29) <= (_vector_spacing << 0x3))), function at exception vector 29 too large)

.vector_30      0x9d0002f0        0x8
 *(.vector_30)
 .vector_30     0x9d0002f0        0x8 c:/program files (x86)/microchip/xc32/v2.20/bin/bin/../../lib/gcc/pic32mx/4.8.3/../../../../pic32mx/lib/micromips\libpic32.a(vector30.o)
                0x9d0002f1                __vector_dispatch_30
                0x00000001                ASSERT (((_vector_spacing == 0x0) || (SIZEOF (.vector_30) <= (_vector_spacing << 0x3))), function at exception vector 30 too large)

.vector_31      0x9d0002f8        0x8
 *(.vector_31)
 .vector_31     0x9d0002f8        0x8 c:/program files (x86)/microchip/xc32/v2.20/bin/bin/../../lib/gcc/pic32mx/4.8.3/../../../../pic32mx/lib/micromips\libpic32.a(vector31.o)
                0x9d0002f9                __vector_dispatch_31
                0x00000001                ASSERT (((_vector_spacing == 0x0) || (SIZEOF (.vector_31) <= (_vector_spacing << 0x3))), function at exception vector 31 too large)

.vector_32      0x9d000300        0x8
 *(.vector_32)
 .vector_32     0x9d000300        0x8 c:/program files (x86)/microchip/xc32/v2.20/bin/bin/../../lib/gcc/pic32mx/4.8.3/../../../../pic32mx/lib/micromips\libpic32.a(vector32.o)
                0x9d000301                __vector_dispatch_32
                0x00000001                ASSERT (((_vector_spacing == 0x0) || (SIZEOF (.vector_32) <= (_vector_spacing << 0x3))), function at exception vector 32 too large)

.vector_33      0x9d000308        0x8
 *(.vector_33)
 .vector_33     0x9d000308        0x8 c:/program files (x86)/microchip/xc32/v2.20/bin/bin/../../lib/gcc/pic32mx/4.8.3/../../../../pic32mx/lib/micromips\libpic32.a(vector33.o)
                0x9d000309                __vector_dispatch_33
                0x00000001                ASSERT (((_vector_spacing == 0x0) || (SIZEOF (.vector_33) <= (_vector_spacing << 0x3))), function at exception vector 33 too large)

.vector_34      0x9d000310        0x8
 *(.vector_34)
 .vector_34     0x9d000310        0x8 c:/program files (x86)/microchip/xc32/v2.20/bin/bin/../../lib/gcc/pic32mx/4.8.3/../../../../pic32mx/lib/micromips\libpic32.a(vector34.o)
                0x9d000311                __vector_dispatch_34
                0x00000001                ASSERT (((_vector_spacing == 0x0) || (SIZEOF (.vector_34) <= (_vector_spacing << 0x3))), function at exception vector 34 too large)

.vector_35      0x9d000318        0x8
 *(.vector_35)
 .vector_35     0x9d000318        0x8 c:/program files (x86)/microchip/xc32/v2.20/bin/bin/../../lib/gcc/pic32mx/4.8.3/../../../../pic32mx/lib/micromips\libpic32.a(vector35.o)
                0x9d000319                __vector_dispatch_35
                0x00000001                ASSERT (((_vector_spacing == 0x0) || (SIZEOF (.vector_35) <= (_vector_spacing << 0x3))), function at exception vector 35 too large)

.vector_36      0x9d000320        0x8
 *(.vector_36)
 .vector_36     0x9d000320        0x8 c:/program files (x86)/microchip/xc32/v2.20/bin/bin/../../lib/gcc/pic32mx/4.8.3/../../../../pic32mx/lib/micromips\libpic32.a(vector36.o)
                0x9d000321                __vector_dispatch_36
                0x00000001                ASSERT (((_vector_spacing == 0x0) || (SIZEOF (.vector_36) <= (_vector_spacing << 0x3))), function at exception vector 36 too large)

.vector_37      0x9d000328        0x8
 *(.vector_37)
 .vector_37     0x9d000328        0x8 c:/program files (x86)/microchip/xc32/v2.20/bin/bin/../../lib/gcc/pic32mx/4.8.3/../../../../pic32mx/lib/micromips\libpic32.a(vector37.o)
                0x9d000329                __vector_dispatch_37
                0x00000001                ASSERT (((_vector_spacing == 0x0) || (SIZEOF (.vector_37) <= (_vector_spacing << 0x3))), function at exception vector 37 too large)

.vector_38      0x9d000330        0x8
 *(.vector_38)
 .vector_38     0x9d000330        0x8 c:/program files (x86)/microchip/xc32/v2.20/bin/bin/../../lib/gcc/pic32mx/4.8.3/../../../../pic32mx/lib/micromips\libpic32.a(vector38.o)
                0x9d000331                __vector_dispatch_38
                0x00000001                ASSERT (((_vector_spacing == 0x0) || (SIZEOF (.vector_38) <= (_vector_spacing << 0x3))), function at exception vector 38 too large)

.vector_39      0x9d000338        0x8
 *(.vector_39)
 .vector_39     0x9d000338        0x8 c:/program files (x86)/microchip/xc32/v2.20/bin/bin/../../lib/gcc/pic32mx/4.8.3/../../../../pic32mx/lib/micromips\libpic32.a(vector39.o)
                0x9d000339                __vector_dispatch_39
                0x00000001                ASSERT (((_vector_spacing == 0x0) || (SIZEOF (.vector_39) <= (_vector_spacing << 0x3))), function at exception vector 39 too large)

.vector_40      0x9d000340        0x8
 *(.vector_40)
 .vector_40     0x9d000340        0x8 c:/program files (x86)/microchip/xc32/v2.20/bin/bin/../../lib/gcc/pic32mx/4.8.3/../../../../pic32mx/lib/micromips\libpic32.a(vector40.o)
                0x9d000341                __vector_dispatch_40
                0x00000001                ASSERT (((_vector_spacing == 0x0) || (SIZEOF (.vector_40) <= (_vector_spacing << 0x3))), function at exception vector 40 too large)

.vector_41      0x9d000348        0x8
 *(.vector_41)
 .vector_41     0x9d000348        0x8 c:/program files (x86)/microchip/xc32/v2.20/bin/bin/../../lib/gcc/pic32mx/4.8.3/../../../../pic32mx/lib/micromips\libpic32.a(vector41.o)
                0x9d000349                __vector_dispatch_41
                0x00000001                ASSERT (((_vector_spacing == 0x0) || (SIZEOF (.vector_41) <= (_vector_spacing << 0x3))), function at exception vector 41 too large)

.vector_42      0x9d000350        0x8
 *(.vector_42)
 .vector_42     0x9d000350        0x8 c:/program files (x86)/microchip/xc32/v2.20/bin/bin/../../lib/gcc/pic32mx/4.8.3/../../../../pic32mx/lib/micromips\libpic32.a(vector42.o)
                0x9d000351                __vector_dispatch_42
                0x00000001                ASSERT (((_vector_spacing == 0x0) || (SIZEOF (.vector_42) <= (_vector_spacing << 0x3))), function at exception vector 42 too large)

.vector_43      0x9d000358        0x8
 *(.vector_43)
 .vector_43     0x9d000358        0x8 c:/program files (x86)/microchip/xc32/v2.20/bin/bin/../../lib/gcc/pic32mx/4.8.3/../../../../pic32mx/lib/micromips\libpic32.a(vector43.o)
                0x9d000359                __vector_dispatch_43
                0x00000001                ASSERT (((_vector_spacing == 0x0) || (SIZEOF (.vector_43) <= (_vector_spacing << 0x3))), function at exception vector 43 too large)

.vector_44      0x9d000360        0x8
 *(.vector_44)
 .vector_44     0x9d000360        0x8 c:/program files (x86)/microchip/xc32/v2.20/bin/bin/../../lib/gcc/pic32mx/4.8.3/../../../../pic32mx/lib/micromips\libpic32.a(vector44.o)
                0x9d000361                __vector_dispatch_44
                0x00000001                ASSERT (((_vector_spacing == 0x0) || (SIZEOF (.vector_44) <= (_vector_spacing << 0x3))), function at exception vector 44 too large)

.vector_45      0x9d000368        0x8
 *(.vector_45)
 .vector_45     0x9d000368        0x8 c:/program files (x86)/microchip/xc32/v2.20/bin/bin/../../lib/gcc/pic32mx/4.8.3/../../../../pic32mx/lib/micromips\libpic32.a(vector45.o)
                0x9d000369                __vector_dispatch_45
                0x00000001                ASSERT (((_vector_spacing == 0x0) || (SIZEOF (.vector_45) <= (_vector_spacing << 0x3))), function at exception vector 45 too large)

.vector_46      0x9d000370        0x8
 *(.vector_46)
 .vector_46     0x9d000370        0x8 c:/program files (x86)/microchip/xc32/v2.20/bin/bin/../../lib/gcc/pic32mx/4.8.3/../../../../pic32mx/lib/micromips\libpic32.a(vector46.o)
                0x9d000371                __vector_dispatch_46
                0x00000001                ASSERT (((_vector_spacing == 0x0) || (SIZEOF (.vector_46) <= (_vector_spacing << 0x3))), function at exception vector 46 too large)

.vector_47      0x9d000378        0x8
 *(.vector_47)
 .vector_47     0x9d000378        0x8 c:/program files (x86)/microchip/xc32/v2.20/bin/bin/../../lib/gcc/pic32mx/4.8.3/../../../../pic32mx/lib/micromips\libpic32.a(vector47.o)
                0x9d000379                __vector_dispatch_47
                0x00000001                ASSERT (((_vector_spacing == 0x0) || (SIZEOF (.vector_47) <= (_vector_spacing << 0x3))), function at exception vector 47 too large)

.vector_48      0x9d000380        0x8
 *(.vector_48)
 .vector_48     0x9d000380        0x8 c:/program files (x86)/microchip/xc32/v2.20/bin/bin/../../lib/gcc/pic32mx/4.8.3/../../../../pic32mx/lib/micromips\libpic32.a(vector48.o)
                0x9d000381                __vector_dispatch_48
                0x00000001                ASSERT (((_vector_spacing == 0x0) || (SIZEOF (.vector_48) <= (_vector_spacing << 0x3))), function at exception vector 48 too large)

.vector_49      0x9d000388        0x8
 *(.vector_49)
 .vector_49     0x9d000388        0x8 c:/program files (x86)/microchip/xc32/v2.20/bin/bin/../../lib/gcc/pic32mx/4.8.3/../../../../pic32mx/lib/micromips\libpic32.a(vector49.o)
                0x9d000389                __vector_dispatch_49
                0x00000001                ASSERT (((_vector_spacing == 0x0) || (SIZEOF (.vector_49) <= (_vector_spacing << 0x3))), function at exception vector 49 too large)

.vector_50      0x9d000390        0x8
 *(.vector_50)
 .vector_50     0x9d000390        0x8 c:/program files (x86)/microchip/xc32/v2.20/bin/bin/../../lib/gcc/pic32mx/4.8.3/../../../../pic32mx/lib/micromips\libpic32.a(vector50.o)
                0x9d000391                __vector_dispatch_50
                0x00000001                ASSERT (((_vector_spacing == 0x0) || (SIZEOF (.vector_50) <= (_vector_spacing << 0x3))), function at exception vector 50 too large)

.vector_51      0x9d000398        0x8
 *(.vector_51)
 .vector_51     0x9d000398        0x8 c:/program files (x86)/microchip/xc32/v2.20/bin/bin/../../lib/gcc/pic32mx/4.8.3/../../../../pic32mx/lib/micromips\libpic32.a(vector51.o)
                0x9d000399                __vector_dispatch_51
                0x00000001                ASSERT (((_vector_spacing == 0x0) || (SIZEOF (.vector_51) <= (_vector_spacing << 0x3))), function at exception vector 51 too large)

.vector_52      0x9d0003a0        0x8
 *(.vector_52)
 .vector_52     0x9d0003a0        0x8 c:/program files (x86)/microchip/xc32/v2.20/bin/bin/../../lib/gcc/pic32mx/4.8.3/../../../../pic32mx/lib/micromips\libpic32.a(vector52.o)
                0x9d0003a1                __vector_dispatch_52
                0x00000001                ASSERT (((_vector_spacing == 0x0) || (SIZEOF (.vector_52) <= (_vector_spacing << 0x3))), function at exception vector 52 too large)

.vector_53      0x9d0003a8        0x8
 *(.vector_53)
 .vector_53     0x9d0003a8        0x8 c:/program files (x86)/microchip/xc32/v2.20/bin/bin/../../lib/gcc/pic32mx/4.8.3/../../../../pic32mx/lib/micromips\libpic32.a(vector53.o)
                0x9d0003a9                __vector_dispatch_53
                0x00000001                ASSERT (((_vector_spacing == 0x0) || (SIZEOF (.vector_53) <= (_vector_spacing << 0x3))), function at exception vector 53 too large)

.vector_54      0x9d0003b0        0x8
 *(.vector_54)
 .vector_54     0x9d0003b0        0x8 c:/program files (x86)/microchip/xc32/v2.20/bin/bin/../../lib/gcc/pic32mx/4.8.3/../../../../pic32mx/lib/micromips\libpic32.a(vector54.o)
                0x9d0003b1                __vector_dispatch_54
                0x00000001                ASSERT (((_vector_spacing == 0x0) || (SIZEOF (.vector_54) <= (_vector_spacing << 0x3))), function at exception vector 54 too large)

.vector_55      0x9d0003b8        0x8
 *(.vector_55)
 .vector_55     0x9d0003b8        0x8 c:/program files (x86)/microchip/xc32/v2.20/bin/bin/../../lib/gcc/pic32mx/4.8.3/../../../../pic32mx/lib/micromips\libpic32.a(vector55.o)
                0x9d0003b9                __vector_dispatch_55
                0x00000001                ASSERT (((_vector_spacing == 0x0) || (SIZEOF (.vector_55) <= (_vector_spacing << 0x3))), function at exception vector 55 too large)

.vector_56      0x9d0003c0        0x8
 *(.vector_56)
 .vector_56     0x9d0003c0        0x8 c:/program files (x86)/microchip/xc32/v2.20/bin/bin/../../lib/gcc/pic32mx/4.8.3/../../../../pic32mx/lib/micromips\libpic32.a(vector56.o)
                0x9d0003c1                __vector_dispatch_56
                0x00000001                ASSERT (((_vector_spacing == 0x0) || (SIZEOF (.vector_56) <= (_vector_spacing << 0x3))), function at exception vector 56 too large)

.vector_57      0x9d0003c8        0x8
 *(.vector_57)
 .vector_57     0x9d0003c8        0x8 c:/program files (x86)/microchip/xc32/v2.20/bin/bin/../../lib/gcc/pic32mx/4.8.3/../../../../pic32mx/lib/micromips\libpic32.a(vector57.o)
                0x9d0003c9                __vector_dispatch_57
                0x00000001                ASSERT (((_vector_spacing == 0x0) || (SIZEOF (.vector_57) <= (_vector_spacing << 0x3))), function at exception vector 57 too large)

.vector_58      0x9d0003d0        0x8
 *(.vector_58)
 .vector_58     0x9d0003d0        0x8 c:/program files (x86)/microchip/xc32/v2.20/bin/bin/../../lib/gcc/pic32mx/4.8.3/../../../../pic32mx/lib/micromips\libpic32.a(vector58.o)
                0x9d0003d1                __vector_dispatch_58
                0x00000001                ASSERT (((_vector_spacing == 0x0) || (SIZEOF (.vector_58) <= (_vector_spacing << 0x3))), function at exception vector 58 too large)

.vector_59      0x9d0003d8        0x8
 *(.vector_59)
 .vector_59     0x9d0003d8        0x8 c:/program files (x86)/microchip/xc32/v2.20/bin/bin/../../lib/gcc/pic32mx/4.8.3/../../../../pic32mx/lib/micromips\libpic32.a(vector59.o)
                0x9d0003d9                __vector_dispatch_59
                0x00000001                ASSERT (((_vector_spacing == 0x0) || (SIZEOF (.vector_59) <= (_vector_spacing << 0x3))), function at exception vector 59 too large)

.vector_60      0x9d0003e0        0x8
 *(.vector_60)
 .vector_60     0x9d0003e0        0x8 c:/program files (x86)/microchip/xc32/v2.20/bin/bin/../../lib/gcc/pic32mx/4.8.3/../../../../pic32mx/lib/micromips\libpic32.a(vector60.o)
                0x9d0003e1                __vector_dispatch_60
                0x00000001                ASSERT (((_vector_spacing == 0x0) || (SIZEOF (.vector_60) <= (_vector_spacing << 0x3))), function at exception vector 60 too large)

.vector_61      0x9d0003e8        0x8
 *(.vector_61)
 .vector_61     0x9d0003e8        0x8 c:/program files (x86)/microchip/xc32/v2.20/bin/bin/../../lib/gcc/pic32mx/4.8.3/../../../../pic32mx/lib/micromips\libpic32.a(vector61.o)
                0x9d0003e9                __vector_dispatch_61
                0x00000001                ASSERT (((_vector_spacing == 0x0) || (SIZEOF (.vector_61) <= (_vector_spacing << 0x3))), function at exception vector 61 too large)

.vector_62      0x9d0003f0        0x8
 *(.vector_62)
 .vector_62     0x9d0003f0        0x8 c:/program files (x86)/microchip/xc32/v2.20/bin/bin/../../lib/gcc/pic32mx/4.8.3/../../../../pic32mx/lib/micromips\libpic32.a(vector62.o)
                0x9d0003f1                __vector_dispatch_62
                0x00000001                ASSERT (((_vector_spacing == 0x0) || (SIZEOF (.vector_62) <= (_vector_spacing << 0x3))), function at exception vector 62 too large)

.vector_63      0x9d0003f8        0x8
 *(.vector_63)
 .vector_63     0x9d0003f8        0x8 c:/program files (x86)/microchip/xc32/v2.20/bin/bin/../../lib/gcc/pic32mx/4.8.3/../../../../pic32mx/lib/micromips\libpic32.a(vector63.o)
                0x9d0003f9                __vector_dispatch_63
                0x00000001                ASSERT (((_vector_spacing == 0x0) || (SIZEOF (.vector_63) <= (_vector_spacing << 0x3))), function at exception vector 63 too large)

.vector_64      0x9d000400        0x8
 *(.vector_64)
 .vector_64     0x9d000400        0x8 c:/program files (x86)/microchip/xc32/v2.20/bin/bin/../../lib/gcc/pic32mx/4.8.3/../../../../pic32mx/lib/micromips\libpic32.a(vector64.o)
                0x9d000401                __vector_dispatch_64
                0x00000001                ASSERT (((_vector_spacing == 0x0) || (SIZEOF (.vector_64) <= (_vector_spacing << 0x3))), function at exception vector 64 too large)

.vector_65      0x9d000408        0x8
 *(.vector_65)
 .vector_65     0x9d000408        0x8 c:/program files (x86)/microchip/xc32/v2.20/bin/bin/../../lib/gcc/pic32mx/4.8.3/../../../../pic32mx/lib/micromips\libpic32.a(vector65.o)
                0x9d000409                __vector_dispatch_65
                0x00000001                ASSERT (((_vector_spacing == 0x0) || (SIZEOF (.vector_65) <= (_vector_spacing << 0x3))), function at exception vector 65 too large)

.vector_66      0x9d000410        0x8
 *(.vector_66)
 .vector_66     0x9d000410        0x8 c:/program files (x86)/microchip/xc32/v2.20/bin/bin/../../lib/gcc/pic32mx/4.8.3/../../../../pic32mx/lib/micromips\libpic32.a(vector66.o)
                0x9d000411                __vector_dispatch_66
                0x00000001                ASSERT (((_vector_spacing == 0x0) || (SIZEOF (.vector_66) <= (_vector_spacing << 0x3))), function at exception vector 66 too large)

.vector_67      0x9d000418        0x8
 *(.vector_67)
 .vector_67     0x9d000418        0x8 c:/program files (x86)/microchip/xc32/v2.20/bin/bin/../../lib/gcc/pic32mx/4.8.3/../../../../pic32mx/lib/micromips\libpic32.a(vector67.o)
                0x9d000419                __vector_dispatch_67
                0x00000001                ASSERT (((_vector_spacing == 0x0) || (SIZEOF (.vector_67) <= (_vector_spacing << 0x3))), function at exception vector 67 too large)

.vector_68      0x9d000420        0x8
 *(.vector_68)
 .vector_68     0x9d000420        0x8 c:/program files (x86)/microchip/xc32/v2.20/bin/bin/../../lib/gcc/pic32mx/4.8.3/../../../../pic32mx/lib/micromips\libpic32.a(vector68.o)
                0x9d000421                __vector_dispatch_68
                0x00000001                ASSERT (((_vector_spacing == 0x0) || (SIZEOF (.vector_68) <= (_vector_spacing << 0x3))), function at exception vector 68 too large)

.vector_69      0x9d000428        0x8
 *(.vector_69)
 .vector_69     0x9d000428        0x8 c:/program files (x86)/microchip/xc32/v2.20/bin/bin/../../lib/gcc/pic32mx/4.8.3/../../../../pic32mx/lib/micromips\libpic32.a(vector69.o)
                0x9d000429                __vector_dispatch_69
                0x00000001                ASSERT (((_vector_spacing == 0x0) || (SIZEOF (.vector_69) <= (_vector_spacing << 0x3))), function at exception vector 69 too large)

.vector_70      0x9d000430        0x8
 *(.vector_70)
 .vector_70     0x9d000430        0x8 c:/program files (x86)/microchip/xc32/v2.20/bin/bin/../../lib/gcc/pic32mx/4.8.3/../../../../pic32mx/lib/micromips\libpic32.a(vector70.o)
                0x9d000431                __vector_dispatch_70
                0x00000001                ASSERT (((_vector_spacing == 0x0) || (SIZEOF (.vector_70) <= (_vector_spacing << 0x3))), function at exception vector 70 too large)

.vector_71      0x9d000438        0x8
 *(.vector_71)
 .vector_71     0x9d000438        0x8 c:/program files (x86)/microchip/xc32/v2.20/bin/bin/../../lib/gcc/pic32mx/4.8.3/../../../../pic32mx/lib/micromips\libpic32.a(vector71.o)
                0x9d000439                __vector_dispatch_71
                0x00000001                ASSERT (((_vector_spacing == 0x0) || (SIZEOF (.vector_71) <= (_vector_spacing << 0x3))), function at exception vector 71 too large)

.vector_72      0x9d000440        0x8
 *(.vector_72)
 .vector_72     0x9d000440        0x8 c:/program files (x86)/microchip/xc32/v2.20/bin/bin/../../lib/gcc/pic32mx/4.8.3/../../../../pic32mx/lib/micromips\libpic32.a(vector72.o)
                0x9d000441                __vector_dispatch_72
                0x00000001                ASSERT (((_vector_spacing == 0x0) || (SIZEOF (.vector_72) <= (_vector_spacing << 0x3))), function at exception vector 72 too large)

.vector_73      0x9d000448        0x8
 *(.vector_73)
 .vector_73     0x9d000448        0x8 c:/program files (x86)/microchip/xc32/v2.20/bin/bin/../../lib/gcc/pic32mx/4.8.3/../../../../pic32mx/lib/micromips\libpic32.a(vector73.o)
                0x9d000449                __vector_dispatch_73
                0x00000001                ASSERT (((_vector_spacing == 0x0) || (SIZEOF (.vector_73) <= (_vector_spacing << 0x3))), function at exception vector 73 too large)

.vector_74      0x9d000450        0x8
 *(.vector_74)
 .vector_74     0x9d000450        0x8 c:/program files (x86)/microchip/xc32/v2.20/bin/bin/../../lib/gcc/pic32mx/4.8.3/../../../../pic32mx/lib/micromips\libpic32.a(vector74.o)
                0x9d000451                __vector_dispatch_74
                0x00000001                ASSERT (((_vector_spacing == 0x0) || (SIZEOF (.vector_74) <= (_vector_spacing << 0x3))), function at exception vector 74 too large)

.vector_75      0x9d000458        0x8
 *(.vector_75)
 .vector_75     0x9d000458        0x8 c:/program files (x86)/microchip/xc32/v2.20/bin/bin/../../lib/gcc/pic32mx/4.8.3/../../../../pic32mx/lib/micromips\libpic32.a(vector75.o)
                0x9d000459                __vector_dispatch_75
                0x00000001                ASSERT (((_vector_spacing == 0x0) || (SIZEOF (.vector_75) <= (_vector_spacing << 0x3))), function at exception vector 75 too large)

.vector_76      0x9d000460        0x8
 *(.vector_76)
 .vector_76     0x9d000460        0x8 c:/program files (x86)/microchip/xc32/v2.20/bin/bin/../../lib/gcc/pic32mx/4.8.3/../../../../pic32mx/lib/micromips\libpic32.a(vector76.o)
                0x9d000461                __vector_dispatch_76
                0x00000001                ASSERT (((_vector_spacing == 0x0) || (SIZEOF (.vector_76) <= (_vector_spacing << 0x3))), function at exception vector 76 too large)

.vector_77      0x9d000468        0x8
 *(.vector_77)
 .vector_77     0x9d000468        0x8 c:/program files (x86)/microchip/xc32/v2.20/bin/bin/../../lib/gcc/pic32mx/4.8.3/../../../../pic32mx/lib/micromips\libpic32.a(vector77.o)
                0x9d000469                __vector_dispatch_77
                0x00000001                ASSERT (((_vector_spacing == 0x0) || (SIZEOF (.vector_77) <= (_vector_spacing << 0x3))), function at exception vector 77 too large)

.vector_78      0x9d000470        0x8
 *(.vector_78)
 .vector_78     0x9d000470        0x8 c:/program files (x86)/microchip/xc32/v2.20/bin/bin/../../lib/gcc/pic32mx/4.8.3/../../../../pic32mx/lib/micromips\libpic32.a(vector78.o)
                0x9d000471                __vector_dispatch_78
                0x00000001                ASSERT (((_vector_spacing == 0x0) || (SIZEOF (.vector_78) <= (_vector_spacing << 0x3))), function at exception vector 78 too large)

.vector_79      0x9d000478        0x8
 *(.vector_79)
 .vector_79     0x9d000478        0x8 c:/program files (x86)/microchip/xc32/v2.20/bin/bin/../../lib/gcc/pic32mx/4.8.3/../../../../pic32mx/lib/micromips\libpic32.a(vector79.o)
                0x9d000479                __vector_dispatch_79
                0x00000001                ASSERT (((_vector_spacing == 0x0) || (SIZEOF (.vector_79) <= (_vector_spacing << 0x3))), function at exception vector 79 too large)

.vector_80      0x9d000480        0x8
 *(.vector_80)
 .vector_80     0x9d000480        0x8 c:/program files (x86)/microchip/xc32/v2.20/bin/bin/../../lib/gcc/pic32mx/4.8.3/../../../../pic32mx/lib/micromips\libpic32.a(vector80.o)
                0x9d000481                __vector_dispatch_80
                0x00000001                ASSERT (((_vector_spacing == 0x0) || (SIZEOF (.vector_80) <= (_vector_spacing << 0x3))), function at exception vector 80 too large)

.vector_81      0x9d000488        0x8
 *(.vector_81)
 .vector_81     0x9d000488        0x8 c:/program files (x86)/microchip/xc32/v2.20/bin/bin/../../lib/gcc/pic32mx/4.8.3/../../../../pic32mx/lib/micromips\libpic32.a(vector81.o)
                0x9d000489                __vector_dispatch_81
                0x00000001                ASSERT (((_vector_spacing == 0x0) || (SIZEOF (.vector_81) <= (_vector_spacing << 0x3))), function at exception vector 81 too large)

.vector_82      0x9d000490        0x8
 *(.vector_82)
 .vector_82     0x9d000490        0x8 c:/program files (x86)/microchip/xc32/v2.20/bin/bin/../../lib/gcc/pic32mx/4.8.3/../../../../pic32mx/lib/micromips\libpic32.a(vector82.o)
                0x9d000491                __vector_dispatch_82
                0x00000001                ASSERT (((_vector_spacing == 0x0) || (SIZEOF (.vector_82) <= (_vector_spacing << 0x3))), function at exception vector 82 too large)

.vector_83      0x9d000498        0x8
 *(.vector_83)
 .vector_83     0x9d000498        0x8 c:/program files (x86)/microchip/xc32/v2.20/bin/bin/../../lib/gcc/pic32mx/4.8.3/../../../../pic32mx/lib/micromips\libpic32.a(vector83.o)
                0x9d000499                __vector_dispatch_83
                0x00000001                ASSERT (((_vector_spacing == 0x0) || (SIZEOF (.vector_83) <= (_vector_spacing << 0x3))), function at exception vector 83 too large)

.vector_84      0x9d0004a0        0x8
 *(.vector_84)
 .vector_84     0x9d0004a0        0x8 c:/program files (x86)/microchip/xc32/v2.20/bin/bin/../../lib/gcc/pic32mx/4.8.3/../../../../pic32mx/lib/micromips\libpic32.a(vector84.o)
                0x9d0004a1                __vector_dispatch_84
                0x00000001                ASSERT (((_vector_spacing == 0x0) || (SIZEOF (.vector_84) <= (_vector_spacing << 0x3))), function at exception vector 84 too large)

.vector_85      0x9d0004a8        0x8
 *(.vector_85)
 .vector_85     0x9d0004a8        0x8 c:/program files (x86)/microchip/xc32/v2.20/bin/bin/../../lib/gcc/pic32mx/4.8.3/../../../../pic32mx/lib/micromips\libpic32.a(vector85.o)
                0x9d0004a9                __vector_dispatch_85
                0x00000001                ASSERT (((_vector_spacing == 0x0) || (SIZEOF (.vector_85) <= (_vector_spacing << 0x3))), function at exception vector 85 too large)

.vector_86      0x9d0004b0        0x8
 *(.vector_86)
 .vector_86     0x9d0004b0        0x8 c:/program files (x86)/microchip/xc32/v2.20/bin/bin/../../lib/gcc/pic32mx/4.8.3/../../../../pic32mx/lib/micromips\libpic32.a(vector86.o)
                0x9d0004b1                __vector_dispatch_86
                0x00000001                ASSERT (((_vector_spacing == 0x0) || (SIZEOF (.vector_86) <= (_vector_spacing << 0x3))), function at exception vector 86 too large)

.vector_87      0x9d0004b8        0x8
 *(.vector_87)
 .vector_87     0x9d0004b8        0x8 c:/program files (x86)/microchip/xc32/v2.20/bin/bin/../../lib/gcc/pic32mx/4.8.3/../../../../pic32mx/lib/micromips\libpic32.a(vector87.o)
                0x9d0004b9                __vector_dispatch_87
                0x00000001                ASSERT (((_vector_spacing == 0x0) || (SIZEOF (.vector_87) <= (_vector_spacing << 0x3))), function at exception vector 87 too large)

.vector_88      0x9d0004c0        0x8
 *(.vector_88)
 .vector_88     0x9d0004c0        0x8 c:/program files (x86)/microchip/xc32/v2.20/bin/bin/../../lib/gcc/pic32mx/4.8.3/../../../../pic32mx/lib/micromips\libpic32.a(vector88.o)
                0x9d0004c1                __vector_dispatch_88
                0x00000001                ASSERT (((_vector_spacing == 0x0) || (SIZEOF (.vector_88) <= (_vector_spacing << 0x3))), function at exception vector 88 too large)

.vector_89      0x9d0004c8        0x8
 *(.vector_89)
 .vector_89     0x9d0004c8        0x8 c:/program files (x86)/microchip/xc32/v2.20/bin/bin/../../lib/gcc/pic32mx/4.8.3/../../../../pic32mx/lib/micromips\libpic32.a(vector89.o)
                0x9d0004c9                __vector_dispatch_89
                0x00000001                ASSERT (((_vector_spacing == 0x0) || (SIZEOF (.vector_89) <= (_vector_spacing << 0x3))), function at exception vector 89 too large)

.vector_90      0x9d0004d0        0x8
 *(.vector_90)
 .vector_90     0x9d0004d0        0x8 c:/program files (x86)/microchip/xc32/v2.20/bin/bin/../../lib/gcc/pic32mx/4.8.3/../../../../pic32mx/lib/micromips\libpic32.a(vector90.o)
                0x9d0004d1                __vector_dispatch_90
                0x00000001                ASSERT (((_vector_spacing == 0x0) || (SIZEOF (.vector_90) <= (_vector_spacing << 0x3))), function at exception vector 90 too large)

.vector_91      0x9d0004d8        0x8
 *(.vector_91)
 .vector_91     0x9d0004d8        0x8 c:/program files (x86)/microchip/xc32/v2.20/bin/bin/../../lib/gcc/pic32mx/4.8.3/../../../../pic32mx/lib/micromips\libpic32.a(vector91.o)
                0x9d0004d9                __vector_dispatch_91
                0x00000001                ASSERT (((_vector_spacing == 0x0) || (SIZEOF (.vector_91) <= (_vector_spacing << 0x3))), function at exception vector 91 too large)

.vector_92      0x9d0004e0        0x8
 *(.vector_92)
 .vector_92     0x9d0004e0        0x8 c:/program files (x86)/microchip/xc32/v2.20/bin/bin/../../lib/gcc/pic32mx/4.8.3/../../../../pic32mx/lib/micromips\libpic32.a(vector92.o)
                0x9d0004e1                __vector_dispatch_92
                0x00000001                ASSERT (((_vector_spacing == 0x0) || (SIZEOF (.vector_92) <= (_vector_spacing << 0x3))), function at exception vector 92 too large)

.vector_93      0x9d0004e8        0x8
 *(.vector_93)
 .vector_93     0x9d0004e8        0x8 c:/program files (x86)/microchip/xc32/v2.20/bin/bin/../../lib/gcc/pic32mx/4.8.3/../../../../pic32mx/lib/micromips\libpic32.a(vector93.o)
                0x9d0004e9                __vector_dispatch_93
                0x00000001                ASSERT (((_vector_spacing == 0x0) || (SIZEOF (.vector_93) <= (_vector_spacing << 0x3))), function at exception vector 93 too large)

.vector_94      0x9d0004f0        0x8
 *(.vector_94)
 .vector_94     0x9d0004f0        0x8 c:/program files (x86)/microchip/xc32/v2.20/bin/bin/../../lib/gcc/pic32mx/4.8.3/../../../../pic32mx/lib/micromips\libpic32.a(vector94.o)
                0x9d0004f1                __vector_dispatch_94
                0x00000001                ASSERT (((_vector_spacing == 0x0) || (SIZEOF (.vector_94) <= (_vector_spacing << 0x3))), function at exception vector 94 too large)

.vector_95      0x9d0004f8        0x8
 *(.vector_95)
 .vector_95     0x9d0004f8        0x8 c:/program files (x86)/microchip/xc32/v2.20/bin/bin/../../lib/gcc/pic32mx/4.8.3/../../../../pic32mx/lib/micromips\libpic32.a(vector95.o)
                0x9d0004f9                __vector_dispatch_95
                0x00000001                ASSERT (((_vector_spacing == 0x0) || (SIZEOF (.vector_95) <= (_vector_spacing << 0x3))), function at exception vector 95 too large)

.vector_96      0x9d000500        0x8
 *(.vector_96)
 .vector_96     0x9d000500        0x8 c:/program files (x86)/microchip/xc32/v2.20/bin/bin/../../lib/gcc/pic32mx/4.8.3/../../../../pic32mx/lib/micromips\libpic32.a(vector96.o)
                0x9d000501                __vector_dispatch_96
                0x00000001                ASSERT (((_vector_spacing == 0x0) || (SIZEOF (.vector_96) <= (_vector_spacing << 0x3))), function at exception vector 96 too large)

.vector_97      0x9d000508        0x8
 *(.vector_97)
 .vector_97     0x9d000508        0x8 c:/program files (x86)/microchip/xc32/v2.20/bin/bin/../../lib/gcc/pic32mx/4.8.3/../../../../pic32mx/lib/micromips\libpic32.a(vector97.o)
                0x9d000509                __vector_dispatch_97
                0x00000001                ASSERT (((_vector_spacing == 0x0) || (SIZEOF (.vector_97) <= (_vector_spacing << 0x3))), function at exception vector 97 too large)

.vector_98      0x9d000510        0x8
 *(.vector_98)
 .vector_98     0x9d000510        0x8 c:/program files (x86)/microchip/xc32/v2.20/bin/bin/../../lib/gcc/pic32mx/4.8.3/../../../../pic32mx/lib/micromips\libpic32.a(vector98.o)
                0x9d000511                __vector_dispatch_98
                0x00000001                ASSERT (((_vector_spacing == 0x0) || (SIZEOF (.vector_98) <= (_vector_spacing << 0x3))), function at exception vector 98 too large)

.vector_99      0x9d000518        0x8
 *(.vector_99)
 .vector_99     0x9d000518        0x8 c:/program files (x86)/microchip/xc32/v2.20/bin/bin/../../lib/gcc/pic32mx/4.8.3/../../../../pic32mx/lib/micromips\libpic32.a(vector99.o)
                0x9d000519                __vector_dispatch_99
                0x00000001                ASSERT (((_vector_spacing == 0x0) || (SIZEOF (.vector_99) <= (_vector_spacing << 0x3))), function at exception vector 99 too large)

.vector_100     0x9d000520        0x8
 *(.vector_100)
 .vector_100    0x9d000520        0x8 c:/program files (x86)/microchip/xc32/v2.20/bin/bin/../../lib/gcc/pic32mx/4.8.3/../../../../pic32mx/lib/micromips\libpic32.a(vector100.o)
                0x9d000521                __vector_dispatch_100
                0x00000001                ASSERT (((_vector_spacing == 0x0) || (SIZEOF (.vector_100) <= (_vector_spacing << 0x3))), function at exception vector 100 too large)

.vector_101     0x9d000528        0x8
 *(.vector_101)
 .vector_101    0x9d000528        0x8 c:/program files (x86)/microchip/xc32/v2.20/bin/bin/../../lib/gcc/pic32mx/4.8.3/../../../../pic32mx/lib/micromips\libpic32.a(vector101.o)
                0x9d000529                __vector_dispatch_101
                0x00000001                ASSERT (((_vector_spacing == 0x0) || (SIZEOF (.vector_101) <= (_vector_spacing << 0x3))), function at exception vector 101 too large)

.startup
 *(.startup)

.text           0x9d000530        0x0
 *(.stub .gnu.linkonce.t.*)
 *(.text.*personality*)
 *(.mips16.fn.*)
 *(.mips16.call.*)
 *(.gnu.warning)
                0x9d000530                . = ALIGN (0x4)

.init           0x9d000530        0x0
 *crti.o(.init)
 *crtbegin.o(.init)
 *(EXCLUDE_FILE(*crtn.o *crtend?.o *crtend.o) .init)
 *crtend.o(.init)
 *crtn.o(.init)
                0x9d000530                . = ALIGN (0x4)

.fini           0x9d000530        0x0
 *(.fini)
                0x9d000530                . = ALIGN (0x4)

.preinit_array  0x9d000530        0x0
                0x9d000530                PROVIDE (__preinit_array_start, .)
 *(.preinit_array)
                0x9d000530                PROVIDE (__preinit_array_end, .)
                0x9d000530                . = ALIGN (0x4)

.init_array     0x9d000530        0x0
                0x9d000530                PROVIDE (__init_array_start, .)
 *(SORT(.init_array.*))
 *(.init_array)
                0x9d000530                PROVIDE (__init_array_end, .)
                0x9d000530                . = ALIGN (0x4)

.fini_array     0x9d000530        0x0
                0x9d000530                PROVIDE (__fini_array_start, .)
 *(SORT(.fini_array.*))
 *(.fini_array)
                0x9d000530                PROVIDE (__fini_array_end, .)
                0x9d000530                . = ALIGN (0x4)

.ctors          0x9d000530        0x0
 *crtbegin.o(.ctors)
 *crtbegin?.o(.ctors)
 *(EXCLUDE_FILE(*crtend?.o *crtend.o) .ctors)
 *(SORT(.ctors.*))
 *(.ctors)
                0x9d000530                . = ALIGN (0x4)

.dtors          0x9d000530        0x0
 *crtbegin.o(.dtors)
 *crtbegin?.o(.dtors)
 *(EXCLUDE_FILE(*crtend?.o *crtend.o) .dtors)
 *(SORT(.dtors.*))
 *(.dtors)
                0x9d000530                . = ALIGN (0x4)

.rodata         0x9d000530        0x0
 *(.gnu.linkonce.r.*)
 *(.rodata1)
                0x9d000530                . = ALIGN (0x4)

.sdata2         0x9fc00490        0x0
 *(.sdata2 .sdata2.* .gnu.linkonce.s2.*)
                0x9fc00490                . = ALIGN (0x4)

.sbss2          0x9fc00490        0x0
 *(.sbss2 .sbss2.* .gnu.linkonce.sb2.*)
                0x9fc00490                . = ALIGN (0x4)

.eh_frame_hdr
 *(.eh_frame_hdr)
                0x9fc00490                . = ALIGN (0x4)

.eh_frame
 *(.eh_frame)
                0x9fc00490                . = ALIGN (0x4)

.gcc_except_table
 *(.gcc_except_table .gcc_except_table.*)
                0x9fc00490                . = ALIGN (0x4)

.dbg_data       0x80000000        0x0
                0x80000000                . = (. + DEFINED (_DEBUGGER)?0x200:0x0)

.jcr            0x80000000        0x0
 *(.jcr)
                0x80000000                . = ALIGN (0x4)

.eh_frame
 *(.eh_frame)
                0x80000000                . = ALIGN (0x4)

.gcc_except_table
 *(.gcc_except_table .gcc_except_table.*)
                0x80000000                . = ALIGN (0x4)

.persist        0x80000000        0x0
                0x80000000                _persist_begin = .
 *(.persist .persist.*)
                0x80000000                . = ALIGN (0x4)
                0x80000000                _persist_end = .

.data           0x80000000        0x0
 *(.gnu.linkonce.d.*)
 *(.data1)
                0x80000000                . = ALIGN (0x4)
                0x80000000                . = .
                0x80007ff0                _gp = (ALIGN (0x10) + 0x7ff0)

.got            0x80000000        0x0
 *(.got.plt)
 *(.got)
                0x80000000                . = ALIGN (0x4)

.sdata          0x80000000        0x0
                0x80000000                _sdata_begin = .
 *(.sdata .sdata.* .gnu.linkonce.s.*)
                0x80000000                . = ALIGN (0x4)
                0x80000000                _sdata_end = .

.lit8
 *(.lit8)

.lit4
 *(.lit4)
                0x80000000                . = ALIGN (0x4)
                0x80000000                _data_end = .
                0x80000000                _bss_begin = .

.sbss           0x80000000       0xa0
                0x80000000                _sbss_begin = .
 *(.dynsbss)
 *(.sbss .sbss.* .gnu.linkonce.sb.*)
 .sbss          0x80000000        0xc build/default/production/mcc_generated_files/exceptions.o
 .sbss          0x8000000c        0x8 build/default/production/mcc_generated_files/tmr2.o
                0x8000000c                TMR2_InterruptHandler
 *(.scommon)
 .scommon       0x80000014       0x4b build/default/production/mcc_generated_files/usb/usb_device.o
                0x80000014                pDst
                0x80000018                USBDeferINDataStagePackets
                0x8000001c                CtrlTrfData
                0x80000024                USBDeferOUTDataStagePackets
                0x80000028                USB1msTickCount
                0x8000002c                USBDeviceState
                0x80000030                controlTransferState
                0x80000031                endpoint_number
                0x80000034                ep_data_out
                0x80000037                USBStatusStageEnabledFlag1
                0x80000038                USBStatusStageEnabledFlag2
                0x80000039                BothEP0OutUOWNsSet
                0x8000003c                pBDTEntryEP0OutNext
                0x80000040                USBTicksSinceSuspendEnd
                0x80000041                USBBusIsSuspended
                0x80000042                USBStatusStageTimeoutCounter
                0x80000044                SetupPkt
                0x8000004c                ep_data_in
                0x8000004f                shortPacketStatus
                0x80000050                pBDTEntryEP0OutCurrent
                0x80000054                USBActiveConfiguration
                0x80000055                RemoteWakeup
                0x80000058                USTATcopy
                0x8000005c                USBAlternateInterface
                0x8000005e                USBDeferStatusStagePacket
 *fill*         0x8000005f        0x1 
 .scommon       0x80000060       0x38 build/default/production/mcc_generated_files/usb/usb_device_cdc.o
                0x80000060                control_signal_bitmap
                0x80000064                cdc_tx_len
                0x80000068                pCDCSrc
                0x8000006c                CDCDataOutHandle
                0x80000070                cdc_rx_len
                0x80000074                line_coding
                0x8000007c                BaudRateGen
                0x80000080                CDCDataInHandle
                0x80000084                cdc_trf_state
                0x80000088                pCDCDst
                0x8000008c                cdc_mem_type
                0x80000090                dummy_encapsulated_cmd_response
 .scommon       0x80000098        0x8 build/default/production/mcc_generated_files/system.o
                0x80000098                count2
                0x8000009c                count1
 .scommon       0x800000a0        0x0 build/default/production/mcc_generated_files/mcc.o
 .scommon       0x800000a0        0x0 build/default/production/mcc_generated_files/tmr2.o
 .scommon       0x800000a0        0x0 build/default/production/main.o
                0x800000a0                _sbss_end = .
                0x800000a0                . = ALIGN (0x4)

.bss            0x80000200      0x120
 *(.dynbss)
 *(COMMON)
 COMMON         0x80000200       0x93 build/default/production/mcc_generated_files/usb/usb_device.o
                0x80000200                BDT
                0x80000260                inPipes
                0x80000270                pBDTEntryIn
                0x8000027c                pBDTEntryOut
                0x80000288                outPipes
 *fill*         0x80000293        0x1 
 COMMON         0x80000294       0x8a build/default/production/mcc_generated_files/usb/usb_device_cdc.o
                0x80000294                cdc_data_tx
                0x800002d4                cdc_data_rx
                0x80000314                cdc_notice
                0x80000320                . = ALIGN ((. != 0x0)?0x4:0x1)
 *fill*         0x8000031e        0x2 
                0x80000320                . = ALIGN (0x4)
                0x80000320                _end = .
                0x80000320                _bss_end = .
                0x00008000                _bmxdudba_address = 0x8000
                0x00008000                _bmxdupba_address = 0x8000

/DISCARD/
 *(.pdr)
 *(.rel.dyn)
 *(.note.GNU-stack)
 *(.note.GNU-stack)
 *(.gnu_debuglink)
 *(.gnu.lto_*)
 *(.discard)

.gptab.sdata
 *(.gptab.data)
 *(.gptab.sdata)

.gptab.sbss
 *(.gptab.bss)
 *(.gptab.sbss)

.mdebug.abi32   0x00000000        0x0
 *(.mdebug.abi32)
 .mdebug.abi32  0x00000000        0x0 build/default/production/mcc_generated_files/usb/usb_device_events.o
 .mdebug.abi32  0x00000000        0x0 build/default/production/mcc_generated_files/usb/usb_device.o
 .mdebug.abi32  0x00000000        0x0 build/default/production/mcc_generated_files/usb/usb_descriptors.o
 .mdebug.abi32  0x00000000        0x0 build/default/production/mcc_generated_files/usb/usb_device_cdc.o
 .mdebug.abi32  0x00000000        0x0 build/default/production/mcc_generated_files/system.o
 .mdebug.abi32  0x00000000        0x0 build/default/production/mcc_generated_files/clock.o
 .mdebug.abi32  0x00000000        0x0 build/default/production/mcc_generated_files/exceptions.o
 .mdebug.abi32  0x00000000        0x0 build/default/production/mcc_generated_files/interrupt_manager.o
 .mdebug.abi32  0x00000000        0x0 build/default/production/mcc_generated_files/mcc.o
 .mdebug.abi32  0x00000000        0x0 build/default/production/mcc_generated_files/pin_manager.o
 .mdebug.abi32  0x00000000        0x0 build/default/production/mcc_generated_files/tmr2.o
 .mdebug.abi32  0x00000000        0x0 build/default/production/main.o
 .mdebug.abi32  0x00000000        0x0 c:/program files (x86)/microchip/xc32/v2.20/bin/bin/../../lib/gcc/pic32mx/4.8.3/../../../../pic32mx/lib/micromips\libpic32.a(default-bootstrap-exception-handler.o)
 .mdebug.abi32  0x00000000        0x0 c:/program files (x86)/microchip/xc32/v2.20/bin/bin/../../lib/gcc/pic32mx/4.8.3/../../../../pic32mx/lib/micromips\libpic32.a(default-on-reset.o)
 .mdebug.abi32  0x00000000        0x0 c:/program files (x86)/microchip/xc32/v2.20/bin/bin/../../lib/gcc/pic32mx/4.8.3/../../../../pic32mx/lib/micromips\libpic32.a(default-on-bootstrap.o)
 .mdebug.abi32  0x00000000        0x0 c:/program files (x86)/microchip/xc32/v2.20/bin/bin/../../lib/gcc/pic32mx/4.8.3/../../../../pic32mx/lib/micromips\libpic32.a(defaultinterrupt.o)

.mdebug.abiN32
 *(.mdebug.abiN32)

.mdebug.abi64
 *(.mdebug.abi64)

.mdebug.abiO64
 *(.mdebug.abiO64)

.mdebug.eabi32
 *(.mdebug.eabi32)

.mdebug.eabi64
 *(.mdebug.eabi64)

.gcc_compiled_long32
 *(.gcc_compiled_long32)

.gcc_compiled_long64
 *(.gcc_compiled_long64)

.stab
 *(.stab)

.stabstr
 *(.stabstr)

.stab.excl
 *(.stab.excl)

.stab.exclstr
 *(.stab.exclstr)

.stab.index
 *(.stab.index)

.stab.indexstr
 *(.stab.indexstr)

.comment        0x00000000       0x54
 *(.comment)
 .comment       0x00000000       0x3c build/default/production/mcc_generated_files/usb/usb_device_events.o
                                 0x3d (size before relaxing)
 .comment       0x00000000       0x3d build/default/production/mcc_generated_files/usb/usb_device.o
 .comment       0x00000000       0x3d build/default/production/mcc_generated_files/usb/usb_descriptors.o
 .comment       0x00000000       0x3d build/default/production/mcc_generated_files/usb/usb_device_cdc.o
 .comment       0x00000000       0x3d build/default/production/mcc_generated_files/system.o
 .comment       0x00000000       0x3d build/default/production/mcc_generated_files/clock.o
 .comment       0x00000000       0x3d build/default/production/mcc_generated_files/exceptions.o
 .comment       0x00000000       0x3d build/default/production/mcc_generated_files/interrupt_manager.o
 .comment       0x00000000       0x3d build/default/production/mcc_generated_files/mcc.o
 .comment       0x00000000       0x3d build/default/production/mcc_generated_files/pin_manager.o
 .comment       0x00000000       0x3d build/default/production/mcc_generated_files/tmr2.o
 .comment       0x00000000       0x3d build/default/production/main.o
 .comment       0x0000003c       0x18 c:/program files (x86)/microchip/xc32/v2.20/bin/bin/../../lib/gcc/pic32mx/4.8.3/../../../../pic32mx/lib/micromips\libpic32.a(memset.o)
                                 0x19 (size before relaxing)
 .comment       0x00000000       0x3d c:/program files (x86)/microchip/xc32/v2.20/bin/bin/../../lib/gcc/pic32mx/4.8.3/../../../../pic32mx/lib/micromips\libpic32.a(default-bootstrap-exception-handler.o)
 .comment       0x00000000       0x3d c:/program files (x86)/microchip/xc32/v2.20/bin/bin/../../lib/gcc/pic32mx/4.8.3/../../../../pic32mx/lib/micromips\libpic32.a(default-on-reset.o)
 .comment       0x00000000       0x3d c:/program files (x86)/microchip/xc32/v2.20/bin/bin/../../lib/gcc/pic32mx/4.8.3/../../../../pic32mx/lib/micromips\libpic32.a(default-on-bootstrap.o)
 .comment       0x00000000       0x3d c:/program files (x86)/microchip/xc32/v2.20/bin/bin/../../lib/gcc/pic32mx/4.8.3/../../../../pic32mx/lib/micromips\libpic32.a(defaultinterrupt.o)

.debug
 *.elf(.debug)
 *(.debug)

.line
 *.elf(.line)
 *(.line)

.debug_srcinfo
 *.elf(.debug_srcinfo)
 *(.debug_srcinfo)

.debug_sfnames
 *.elf(.debug_sfnames)
 *(.debug_sfnames)

.debug_aranges  0x00000000      0x218
 *.elf(.debug_aranges)
 *(.debug_aranges)
 .debug_aranges
                0x00000000       0x20 build/default/production/mcc_generated_files/usb/usb_device_events.o
 .debug_aranges
                0x00000020       0x20 build/default/production/mcc_generated_files/usb/usb_device.o
 .debug_aranges
                0x00000040       0x18 build/default/production/mcc_generated_files/usb/usb_descriptors.o
 .debug_aranges
                0x00000058       0x20 build/default/production/mcc_generated_files/usb/usb_device_cdc.o
 .debug_aranges
                0x00000078       0x20 build/default/production/mcc_generated_files/system.o
 .debug_aranges
                0x00000098       0x20 build/default/production/mcc_generated_files/clock.o
 .debug_aranges
                0x000000b8       0x20 build/default/production/mcc_generated_files/exceptions.o
 .debug_aranges
                0x000000d8       0x20 build/default/production/mcc_generated_files/interrupt_manager.o
 .debug_aranges
                0x000000f8       0x20 build/default/production/mcc_generated_files/mcc.o
 .debug_aranges
                0x00000118       0x20 build/default/production/mcc_generated_files/pin_manager.o
 .debug_aranges
                0x00000138       0x20 build/default/production/mcc_generated_files/tmr2.o
 .debug_aranges
                0x00000158       0x20 build/default/production/main.o
 .debug_aranges
                0x00000178       0x20 c:/program files (x86)/microchip/xc32/v2.20/bin/bin/../../lib/gcc/pic32mx/4.8.3/../../../../pic32mx/lib/micromips\pic32_software_reset-mm.o
 .debug_aranges
                0x00000198       0x20 c:/program files (x86)/microchip/xc32/v2.20/bin/bin/../../lib/gcc/pic32mx/4.8.3/../../../../pic32mx/lib/micromips\libpic32.a(default-bootstrap-exception-handler.o)
 .debug_aranges
                0x000001b8       0x20 c:/program files (x86)/microchip/xc32/v2.20/bin/bin/../../lib/gcc/pic32mx/4.8.3/../../../../pic32mx/lib/micromips\libpic32.a(default-on-reset.o)
 .debug_aranges
                0x000001d8       0x20 c:/program files (x86)/microchip/xc32/v2.20/bin/bin/../../lib/gcc/pic32mx/4.8.3/../../../../pic32mx/lib/micromips\libpic32.a(default-on-bootstrap.o)
 .debug_aranges
                0x000001f8       0x20 c:/program files (x86)/microchip/xc32/v2.20/bin/bin/../../lib/gcc/pic32mx/4.8.3/../../../../pic32mx/lib/micromips\libpic32.a(defaultinterrupt.o)

.debug_pubnames
 *.elf(.debug_pubnames)
 *(.debug_pubnames)

.debug_info     0x00000000     0x7aac
 *.elf(.debug_info .gnu.linkonce.wi.*)
 *(.debug_info .gnu.linkonce.wi.*)
 .debug_info    0x00000000      0x5ab build/default/production/mcc_generated_files/usb/usb_device_events.o
 .debug_info    0x000005ab     0x265a build/default/production/mcc_generated_files/usb/usb_device.o
 .debug_info    0x00002c05      0x802 build/default/production/mcc_generated_files/usb/usb_descriptors.o
 .debug_info    0x00003407     0x1500 build/default/production/mcc_generated_files/usb/usb_device_cdc.o
 .debug_info    0x00004907      0x25f build/default/production/mcc_generated_files/system.o
 .debug_info    0x00004b66      0x47c build/default/production/mcc_generated_files/clock.o
 .debug_info    0x00004fe2      0x1f6 build/default/production/mcc_generated_files/exceptions.o
 .debug_info    0x000051d8      0x451 build/default/production/mcc_generated_files/interrupt_manager.o
 .debug_info    0x00005629      0x2e4 build/default/production/mcc_generated_files/mcc.o
 .debug_info    0x0000590d      0xf6f build/default/production/mcc_generated_files/pin_manager.o
 .debug_info    0x0000687c      0x6d0 build/default/production/mcc_generated_files/tmr2.o
 .debug_info    0x00006f4c      0x6db build/default/production/main.o
 .debug_info    0x00007627      0x108 c:/program files (x86)/microchip/xc32/v2.20/bin/bin/../../lib/gcc/pic32mx/4.8.3/../../../../pic32mx/lib/micromips\pic32_software_reset-mm.o
 .debug_info    0x0000772f       0xf4 c:/program files (x86)/microchip/xc32/v2.20/bin/bin/../../lib/gcc/pic32mx/4.8.3/../../../../pic32mx/lib/micromips\libpic32.a(default-bootstrap-exception-handler.o)
 .debug_info    0x00007823       0xcd c:/program files (x86)/microchip/xc32/v2.20/bin/bin/../../lib/gcc/pic32mx/4.8.3/../../../../pic32mx/lib/micromips\libpic32.a(default-on-reset.o)
 .debug_info    0x000078f0       0xd5 c:/program files (x86)/microchip/xc32/v2.20/bin/bin/../../lib/gcc/pic32mx/4.8.3/../../../../pic32mx/lib/micromips\libpic32.a(default-on-bootstrap.o)
 .debug_info    0x000079c5       0xe7 c:/program files (x86)/microchip/xc32/v2.20/bin/bin/../../lib/gcc/pic32mx/4.8.3/../../../../pic32mx/lib/micromips\libpic32.a(defaultinterrupt.o)

.debug_abbrev   0x00000000      0xd81
 *.elf(.debug_abbrev)
 *(.debug_abbrev)
 .debug_abbrev  0x00000000       0x97 build/default/production/mcc_generated_files/usb/usb_device_events.o
 .debug_abbrev  0x00000097      0x2ff build/default/production/mcc_generated_files/usb/usb_device.o
 .debug_abbrev  0x00000396       0xcb build/default/production/mcc_generated_files/usb/usb_descriptors.o
 .debug_abbrev  0x00000461      0x209 build/default/production/mcc_generated_files/usb/usb_device_cdc.o
 .debug_abbrev  0x0000066a       0xae build/default/production/mcc_generated_files/system.o
 .debug_abbrev  0x00000718       0xda build/default/production/mcc_generated_files/clock.o
 .debug_abbrev  0x000007f2       0x61 build/default/production/mcc_generated_files/exceptions.o
 .debug_abbrev  0x00000853       0x8e build/default/production/mcc_generated_files/interrupt_manager.o
 .debug_abbrev  0x000008e1       0xb0 build/default/production/mcc_generated_files/mcc.o
 .debug_abbrev  0x00000991       0xb3 build/default/production/mcc_generated_files/pin_manager.o
 .debug_abbrev  0x00000a44      0x17a build/default/production/mcc_generated_files/tmr2.o
 .debug_abbrev  0x00000bbe      0x10f build/default/production/main.o
 .debug_abbrev  0x00000ccd       0x14 c:/program files (x86)/microchip/xc32/v2.20/bin/bin/../../lib/gcc/pic32mx/4.8.3/../../../../pic32mx/lib/micromips\pic32_software_reset-mm.o
 .debug_abbrev  0x00000ce1       0x28 c:/program files (x86)/microchip/xc32/v2.20/bin/bin/../../lib/gcc/pic32mx/4.8.3/../../../../pic32mx/lib/micromips\libpic32.a(default-bootstrap-exception-handler.o)
 .debug_abbrev  0x00000d09       0x28 c:/program files (x86)/microchip/xc32/v2.20/bin/bin/../../lib/gcc/pic32mx/4.8.3/../../../../pic32mx/lib/micromips\libpic32.a(default-on-reset.o)
 .debug_abbrev  0x00000d31       0x28 c:/program files (x86)/microchip/xc32/v2.20/bin/bin/../../lib/gcc/pic32mx/4.8.3/../../../../pic32mx/lib/micromips\libpic32.a(default-on-bootstrap.o)
 .debug_abbrev  0x00000d59       0x28 c:/program files (x86)/microchip/xc32/v2.20/bin/bin/../../lib/gcc/pic32mx/4.8.3/../../../../pic32mx/lib/micromips\libpic32.a(defaultinterrupt.o)

.debug_line     0x00000000     0x1805
 *.elf(.debug_line)
 *(.debug_line)
 .debug_line    0x00000000      0x149 build/default/production/mcc_generated_files/usb/usb_device_events.o
 .debug_line    0x00000149      0x531 build/default/production/mcc_generated_files/usb/usb_device.o
 .debug_line    0x0000067a       0xfe build/default/production/mcc_generated_files/usb/usb_descriptors.o
 .debug_line    0x00000778      0x268 build/default/production/mcc_generated_files/usb/usb_device_cdc.o
 .debug_line    0x000009e0      0x16b build/default/production/mcc_generated_files/system.o
 .debug_line    0x00000b4b      0x163 build/default/production/mcc_generated_files/clock.o
 .debug_line    0x00000cae       0x95 build/default/production/mcc_generated_files/exceptions.o
 .debug_line    0x00000d43      0x153 build/default/production/mcc_generated_files/interrupt_manager.o
 .debug_line    0x00000e96      0x143 build/default/production/mcc_generated_files/mcc.o
 .debug_line    0x00000fd9      0x17c build/default/production/mcc_generated_files/pin_manager.o
 .debug_line    0x00001155      0x182 build/default/production/mcc_generated_files/tmr2.o
 .debug_line    0x000012d7      0x203 build/default/production/main.o
 .debug_line    0x000014da       0xb6 c:/program files (x86)/microchip/xc32/v2.20/bin/bin/../../lib/gcc/pic32mx/4.8.3/../../../../pic32mx/lib/micromips\pic32_software_reset-mm.o
 .debug_line    0x00001590       0xa6 c:/program files (x86)/microchip/xc32/v2.20/bin/bin/../../lib/gcc/pic32mx/4.8.3/../../../../pic32mx/lib/micromips\libpic32.a(default-bootstrap-exception-handler.o)
 .debug_line    0x00001636       0x93 c:/program files (x86)/microchip/xc32/v2.20/bin/bin/../../lib/gcc/pic32mx/4.8.3/../../../../pic32mx/lib/micromips\libpic32.a(default-on-reset.o)
 .debug_line    0x000016c9       0x97 c:/program files (x86)/microchip/xc32/v2.20/bin/bin/../../lib/gcc/pic32mx/4.8.3/../../../../pic32mx/lib/micromips\libpic32.a(default-on-bootstrap.o)
 .debug_line    0x00001760       0xa5 c:/program files (x86)/microchip/xc32/v2.20/bin/bin/../../lib/gcc/pic32mx/4.8.3/../../../../pic32mx/lib/micromips\libpic32.a(defaultinterrupt.o)

.debug_frame    0x00000000      0x930
 *.elf(.debug_frame)
 *(.debug_frame)
 .debug_frame   0x00000000       0x78 build/default/production/mcc_generated_files/usb/usb_device_events.o
 .debug_frame   0x00000078      0x384 build/default/production/mcc_generated_files/usb/usb_device.o
 .debug_frame   0x000003fc      0x110 build/default/production/mcc_generated_files/usb/usb_device_cdc.o
 .debug_frame   0x0000050c       0x50 build/default/production/mcc_generated_files/system.o
 .debug_frame   0x0000055c       0x68 build/default/production/mcc_generated_files/clock.o
 .debug_frame   0x000005c4       0x2c build/default/production/mcc_generated_files/exceptions.o
 .debug_frame   0x000005f0       0x30 build/default/production/mcc_generated_files/interrupt_manager.o
 .debug_frame   0x00000620       0x30 build/default/production/mcc_generated_files/mcc.o
 .debug_frame   0x00000650       0x78 build/default/production/mcc_generated_files/pin_manager.o
 .debug_frame   0x000006c8      0x1b0 build/default/production/mcc_generated_files/tmr2.o
 .debug_frame   0x00000878       0x2c build/default/production/main.o
 .debug_frame   0x000008a4       0x2c c:/program files (x86)/microchip/xc32/v2.20/bin/bin/../../lib/gcc/pic32mx/4.8.3/../../../../pic32mx/lib/micromips\libpic32.a(default-bootstrap-exception-handler.o)
 .debug_frame   0x000008d0       0x20 c:/program files (x86)/microchip/xc32/v2.20/bin/bin/../../lib/gcc/pic32mx/4.8.3/../../../../pic32mx/lib/micromips\libpic32.a(default-on-reset.o)
 .debug_frame   0x000008f0       0x20 c:/program files (x86)/microchip/xc32/v2.20/bin/bin/../../lib/gcc/pic32mx/4.8.3/../../../../pic32mx/lib/micromips\libpic32.a(default-on-bootstrap.o)
 .debug_frame   0x00000910       0x20 c:/program files (x86)/microchip/xc32/v2.20/bin/bin/../../lib/gcc/pic32mx/4.8.3/../../../../pic32mx/lib/micromips\libpic32.a(defaultinterrupt.o)

.debug_str      0x00000000       0x70
 *.elf(.debug_str)
 *(.debug_str)
 .debug_str     0x00000000        0x0 build/default/production/mcc_generated_files/usb/usb_device_events.o
 .debug_str     0x00000000       0x41 build/default/production/mcc_generated_files/usb/usb_device.o
 .debug_str     0x00000041       0x18 build/default/production/mcc_generated_files/usb/usb_descriptors.o
 .debug_str     0x00000059       0x17 build/default/production/mcc_generated_files/usb/usb_device_cdc.o
 .debug_str     0x00000070        0x0 build/default/production/mcc_generated_files/system.o
 .debug_str     0x00000070        0x0 build/default/production/mcc_generated_files/clock.o
 .debug_str     0x00000070        0x0 build/default/production/mcc_generated_files/exceptions.o
 .debug_str     0x00000070        0x0 build/default/production/mcc_generated_files/interrupt_manager.o
 .debug_str     0x00000070        0x0 build/default/production/mcc_generated_files/mcc.o
 .debug_str     0x00000070        0x0 build/default/production/mcc_generated_files/pin_manager.o
 .debug_str     0x00000070        0x0 build/default/production/mcc_generated_files/tmr2.o
 .debug_str     0x00000070        0x0 build/default/production/main.o
 .debug_str     0x00000070        0x0 c:/program files (x86)/microchip/xc32/v2.20/bin/bin/../../lib/gcc/pic32mx/4.8.3/../../../../pic32mx/lib/micromips\libpic32.a(default-bootstrap-exception-handler.o)
 .debug_str     0x00000070        0x0 c:/program files (x86)/microchip/xc32/v2.20/bin/bin/../../lib/gcc/pic32mx/4.8.3/../../../../pic32mx/lib/micromips\libpic32.a(default-on-reset.o)
 .debug_str     0x00000070        0x0 c:/program files (x86)/microchip/xc32/v2.20/bin/bin/../../lib/gcc/pic32mx/4.8.3/../../../../pic32mx/lib/micromips\libpic32.a(default-on-bootstrap.o)
 .debug_str     0x00000070        0x0 c:/program files (x86)/microchip/xc32/v2.20/bin/bin/../../lib/gcc/pic32mx/4.8.3/../../../../pic32mx/lib/micromips\libpic32.a(defaultinterrupt.o)

.debug_loc      0x00000000       0x2c
 *.elf(.debug_loc)
 *(.debug_loc)
 .debug_loc     0x00000000       0x2c c:/program files (x86)/microchip/xc32/v2.20/bin/bin/../../lib/gcc/pic32mx/4.8.3/../../../../pic32mx/lib/micromips\libpic32.a(default-bootstrap-exception-handler.o)

.debug_macinfo
 *.elf(.debug_macinfo)
 *(.debug_macinfo)

.debug_weaknames
 *.elf(.debug_weaknames)
 *(.debug_weaknames)

.debug_funcnames
 *.elf(.debug_funcnames)
 *(.debug_funcnames)

.debug_typenames
 *.elf(.debug_typenames)
 *(.debug_typenames)

.debug_varnames
 *.elf(.debug_varnames)
 *(.debug_varnames)

.debug_pubtypes
 *.elf(.debug_pubtypes)
 *(.debug_pubtypes)

.debug_ranges   0x00000000       0x58
 *.elf(.debug_ranges)
 *(.debug_ranges)
 .debug_ranges  0x00000000       0x18 build/default/production/main.o
 .debug_ranges  0x00000018       0x10 c:/program files (x86)/microchip/xc32/v2.20/bin/bin/../../lib/gcc/pic32mx/4.8.3/../../../../pic32mx/lib/micromips\libpic32.a(default-bootstrap-exception-handler.o)
 .debug_ranges  0x00000028       0x10 c:/program files (x86)/microchip/xc32/v2.20/bin/bin/../../lib/gcc/pic32mx/4.8.3/../../../../pic32mx/lib/micromips\libpic32.a(default-on-reset.o)
 .debug_ranges  0x00000038       0x10 c:/program files (x86)/microchip/xc32/v2.20/bin/bin/../../lib/gcc/pic32mx/4.8.3/../../../../pic32mx/lib/micromips\libpic32.a(default-on-bootstrap.o)
 .debug_ranges  0x00000048       0x10 c:/program files (x86)/microchip/xc32/v2.20/bin/bin/../../lib/gcc/pic32mx/4.8.3/../../../../pic32mx/lib/micromips\libpic32.a(defaultinterrupt.o)

.gnu.attributes
                0x00000000       0x10
 *(.gnu.attributes)
 .gnu.attributes
                0x00000000       0x10 build/default/production/mcc_generated_files/usb/usb_device_events.o
 .gnu.attributes
                0x00000010       0x10 build/default/production/mcc_generated_files/usb/usb_device.o
 .gnu.attributes
                0x00000020       0x10 build/default/production/mcc_generated_files/usb/usb_descriptors.o
 .gnu.attributes
                0x00000030       0x10 build/default/production/mcc_generated_files/usb/usb_device_cdc.o
 .gnu.attributes
                0x00000040       0x10 build/default/production/mcc_generated_files/system.o
 .gnu.attributes
                0x00000050       0x10 build/default/production/mcc_generated_files/clock.o
 .gnu.attributes
                0x00000060       0x10 build/default/production/mcc_generated_files/exceptions.o
 .gnu.attributes
                0x00000070       0x10 build/default/production/mcc_generated_files/interrupt_manager.o
 .gnu.attributes
                0x00000080       0x10 build/default/production/mcc_generated_files/mcc.o
 .gnu.attributes
                0x00000090       0x10 build/default/production/mcc_generated_files/pin_manager.o
 .gnu.attributes
                0x000000a0       0x10 build/default/production/mcc_generated_files/tmr2.o
 .gnu.attributes
                0x000000b0       0x10 build/default/production/main.o
 .gnu.attributes
                0x000000c0       0x10 c:/program files (x86)/microchip/xc32/v2.20/bin/bin/../../lib/gcc/pic32mx/4.8.3/../../../../pic32mx/lib/micromips\libpic32.a(default-bootstrap-exception-handler.o)
 .gnu.attributes
                0x000000d0       0x10 c:/program files (x86)/microchip/xc32/v2.20/bin/bin/../../lib/gcc/pic32mx/4.8.3/../../../../pic32mx/lib/micromips\libpic32.a(default-on-reset.o)
 .gnu.attributes
                0x000000e0       0x10 c:/program files (x86)/microchip/xc32/v2.20/bin/bin/../../lib/gcc/pic32mx/4.8.3/../../../../pic32mx/lib/micromips\libpic32.a(default-on-bootstrap.o)
 .gnu.attributes
                0x000000f0       0x10 c:/program files (x86)/microchip/xc32/v2.20/bin/bin/../../lib/gcc/pic32mx/4.8.3/../../../../pic32mx/lib/micromips\libpic32.a(defaultinterrupt.o)
LOAD c:/program files (x86)/microchip/xc32/v2.20/bin/bin/../../lib/gcc/pic32mx/4.8.3/micromips\libgcc.a
START GROUP
LOAD c:/program files (x86)/microchip/xc32/v2.20/bin/bin/../../lib/gcc/pic32mx/4.8.3/../../../../pic32mx/lib/micromips\libpic32.a
LOAD c:/program files (x86)/microchip/xc32/v2.20/bin/bin/../../lib/gcc/pic32mx/4.8.3/../../../../pic32mx/lib/micromips\libdebug.a
LOAD c:/program files (x86)/microchip/xc32/v2.20/bin/bin/../../lib/gcc/pic32mx/4.8.3/../../../../pic32mx/lib/micromips\libpic32.a
LOAD c:/program files (x86)/microchip/xc32/v2.20/bin/bin/../../lib/gcc/pic32mx/4.8.3/../../../../pic32mx/lib/micromips\liblega-c.a
LOAD c:/program files (x86)/microchip/xc32/v2.20/bin/bin/../../lib/gcc/pic32mx/4.8.3/../../../../pic32mx/lib/micromips\libm.a
LOAD c:/program files (x86)/microchip/xc32/v2.20/bin/bin/../../lib/gcc/pic32mx/4.8.3/../../../../pic32mx/lib/micromips\libe.a
LOAD c:/program files (x86)/microchip/xc32/v2.20/bin/bin/../../lib/gcc/pic32mx/4.8.3/../../../../pic32mx/lib/micromips\libdsp.a
LOAD c:/program files (x86)/microchip/xc32/v2.20/bin/bin/../../lib/gcc/pic32mx/4.8.3/micromips\libgcc.a
LOAD c:/program files (x86)/microchip/xc32/v2.20/bin/bin/../../lib/gcc/pic32mx/4.8.3/../../../../pic32mx/lib/micromips\libpic32.a
END GROUP
LOAD c:/program files (x86)/microchip/xc32/v2.20/bin/bin/../../lib/gcc/pic32mx/4.8.3/micromips\libgcc.a
OUTPUT(dist/default/production/Laboratorio_3.production.elf elf32-tradlittlemips)
LOAD stack
LOAD data_init

.reginfo        0x00000000       0x18
 .reginfo       0x00000000       0x18 c:/program files (x86)/microchip/xc32/v2.20/bin/bin/../../lib/gcc/pic32mx/4.8.3/../../../../pic32mx/lib/micromips\debug-exception-return-mm.o

.stack          0x80000350      0x400
 .stack         0x80000350      0x400 stack

.data           0x800000a0       0x4c
 .data          0x800000a0       0x4c build/default/production/mcc_generated_files/exceptions.o

.bss%z1         0x00000000        0x0
 .bss           0x00000000        0x0 c:/program files (x86)/microchip/xc32/v2.20/bin/bin/../../lib/gcc/pic32mx/4.8.3/../../../../pic32mx/lib/micromips\libpic32.a(defaultinterrupt.o)

.data%z2        0x00000000        0x0
 .data          0x00000000        0x0 c:/program files (x86)/microchip/xc32/v2.20/bin/bin/../../lib/gcc/pic32mx/4.8.3/../../../../pic32mx/lib/micromips\libpic32.a(defaultinterrupt.o)

.bss%z3         0x00000000        0x0
 .bss           0x00000000        0x0 c:/program files (x86)/microchip/xc32/v2.20/bin/bin/../../lib/gcc/pic32mx/4.8.3/../../../../pic32mx/lib/micromips\libpic32.a(vector101.o)

.data%z4        0x00000000        0x0
 .data          0x00000000        0x0 c:/program files (x86)/microchip/xc32/v2.20/bin/bin/../../lib/gcc/pic32mx/4.8.3/../../../../pic32mx/lib/micromips\libpic32.a(vector101.o)

.bss%z5         0x00000000        0x0
 .bss           0x00000000        0x0 c:/program files (x86)/microchip/xc32/v2.20/bin/bin/../../lib/gcc/pic32mx/4.8.3/../../../../pic32mx/lib/micromips\libpic32.a(vector100.o)

.data%z6        0x00000000        0x0
 .data          0x00000000        0x0 c:/program files (x86)/microchip/xc32/v2.20/bin/bin/../../lib/gcc/pic32mx/4.8.3/../../../../pic32mx/lib/micromips\libpic32.a(vector100.o)

.bss%z7         0x00000000        0x0
 .bss           0x00000000        0x0 c:/program files (x86)/microchip/xc32/v2.20/bin/bin/../../lib/gcc/pic32mx/4.8.3/../../../../pic32mx/lib/micromips\libpic32.a(vector99.o)

.data%z8        0x00000000        0x0
 .data          0x00000000        0x0 c:/program files (x86)/microchip/xc32/v2.20/bin/bin/../../lib/gcc/pic32mx/4.8.3/../../../../pic32mx/lib/micromips\libpic32.a(vector99.o)

.bss%z9         0x00000000        0x0
 .bss           0x00000000        0x0 c:/program files (x86)/microchip/xc32/v2.20/bin/bin/../../lib/gcc/pic32mx/4.8.3/../../../../pic32mx/lib/micromips\libpic32.a(vector98.o)

.data%z10       0x00000000        0x0
 .data          0x00000000        0x0 c:/program files (x86)/microchip/xc32/v2.20/bin/bin/../../lib/gcc/pic32mx/4.8.3/../../../../pic32mx/lib/micromips\libpic32.a(vector98.o)

.bss%z11        0x00000000        0x0
 .bss           0x00000000        0x0 c:/program files (x86)/microchip/xc32/v2.20/bin/bin/../../lib/gcc/pic32mx/4.8.3/../../../../pic32mx/lib/micromips\libpic32.a(vector97.o)

.data%z12       0x00000000        0x0
 .data          0x00000000        0x0 c:/program files (x86)/microchip/xc32/v2.20/bin/bin/../../lib/gcc/pic32mx/4.8.3/../../../../pic32mx/lib/micromips\libpic32.a(vector97.o)

.bss%z13        0x00000000        0x0
 .bss           0x00000000        0x0 c:/program files (x86)/microchip/xc32/v2.20/bin/bin/../../lib/gcc/pic32mx/4.8.3/../../../../pic32mx/lib/micromips\libpic32.a(vector96.o)

.data%z14       0x00000000        0x0
 .data          0x00000000        0x0 c:/program files (x86)/microchip/xc32/v2.20/bin/bin/../../lib/gcc/pic32mx/4.8.3/../../../../pic32mx/lib/micromips\libpic32.a(vector96.o)

.bss%z15        0x00000000        0x0
 .bss           0x00000000        0x0 c:/program files (x86)/microchip/xc32/v2.20/bin/bin/../../lib/gcc/pic32mx/4.8.3/../../../../pic32mx/lib/micromips\libpic32.a(vector95.o)

.data%z16       0x00000000        0x0
 .data          0x00000000        0x0 c:/program files (x86)/microchip/xc32/v2.20/bin/bin/../../lib/gcc/pic32mx/4.8.3/../../../../pic32mx/lib/micromips\libpic32.a(vector95.o)

.bss%z17        0x00000000        0x0
 .bss           0x00000000        0x0 c:/program files (x86)/microchip/xc32/v2.20/bin/bin/../../lib/gcc/pic32mx/4.8.3/../../../../pic32mx/lib/micromips\libpic32.a(vector94.o)

.data%z18       0x00000000        0x0
 .data          0x00000000        0x0 c:/program files (x86)/microchip/xc32/v2.20/bin/bin/../../lib/gcc/pic32mx/4.8.3/../../../../pic32mx/lib/micromips\libpic32.a(vector94.o)

.bss%z19        0x00000000        0x0
 .bss           0x00000000        0x0 c:/program files (x86)/microchip/xc32/v2.20/bin/bin/../../lib/gcc/pic32mx/4.8.3/../../../../pic32mx/lib/micromips\libpic32.a(vector93.o)

.data%z20       0x00000000        0x0
 .data          0x00000000        0x0 c:/program files (x86)/microchip/xc32/v2.20/bin/bin/../../lib/gcc/pic32mx/4.8.3/../../../../pic32mx/lib/micromips\libpic32.a(vector93.o)

.bss%z21        0x00000000        0x0
 .bss           0x00000000        0x0 c:/program files (x86)/microchip/xc32/v2.20/bin/bin/../../lib/gcc/pic32mx/4.8.3/../../../../pic32mx/lib/micromips\libpic32.a(vector92.o)

.data%z22       0x00000000        0x0
 .data          0x00000000        0x0 c:/program files (x86)/microchip/xc32/v2.20/bin/bin/../../lib/gcc/pic32mx/4.8.3/../../../../pic32mx/lib/micromips\libpic32.a(vector92.o)

.bss%z23        0x00000000        0x0
 .bss           0x00000000        0x0 c:/program files (x86)/microchip/xc32/v2.20/bin/bin/../../lib/gcc/pic32mx/4.8.3/../../../../pic32mx/lib/micromips\libpic32.a(vector91.o)

.data%z24       0x00000000        0x0
 .data          0x00000000        0x0 c:/program files (x86)/microchip/xc32/v2.20/bin/bin/../../lib/gcc/pic32mx/4.8.3/../../../../pic32mx/lib/micromips\libpic32.a(vector91.o)

.bss%z25        0x00000000        0x0
 .bss           0x00000000        0x0 c:/program files (x86)/microchip/xc32/v2.20/bin/bin/../../lib/gcc/pic32mx/4.8.3/../../../../pic32mx/lib/micromips\libpic32.a(vector90.o)

.data%z26       0x00000000        0x0
 .data          0x00000000        0x0 c:/program files (x86)/microchip/xc32/v2.20/bin/bin/../../lib/gcc/pic32mx/4.8.3/../../../../pic32mx/lib/micromips\libpic32.a(vector90.o)

.bss%z27        0x00000000        0x0
 .bss           0x00000000        0x0 c:/program files (x86)/microchip/xc32/v2.20/bin/bin/../../lib/gcc/pic32mx/4.8.3/../../../../pic32mx/lib/micromips\libpic32.a(vector89.o)

.data%z28       0x00000000        0x0
 .data          0x00000000        0x0 c:/program files (x86)/microchip/xc32/v2.20/bin/bin/../../lib/gcc/pic32mx/4.8.3/../../../../pic32mx/lib/micromips\libpic32.a(vector89.o)

.bss%z29        0x00000000        0x0
 .bss           0x00000000        0x0 c:/program files (x86)/microchip/xc32/v2.20/bin/bin/../../lib/gcc/pic32mx/4.8.3/../../../../pic32mx/lib/micromips\libpic32.a(vector88.o)

.data%z30       0x00000000        0x0
 .data          0x00000000        0x0 c:/program files (x86)/microchip/xc32/v2.20/bin/bin/../../lib/gcc/pic32mx/4.8.3/../../../../pic32mx/lib/micromips\libpic32.a(vector88.o)

.bss%z31        0x00000000        0x0
 .bss           0x00000000        0x0 c:/program files (x86)/microchip/xc32/v2.20/bin/bin/../../lib/gcc/pic32mx/4.8.3/../../../../pic32mx/lib/micromips\libpic32.a(vector87.o)

.data%z32       0x00000000        0x0
 .data          0x00000000        0x0 c:/program files (x86)/microchip/xc32/v2.20/bin/bin/../../lib/gcc/pic32mx/4.8.3/../../../../pic32mx/lib/micromips\libpic32.a(vector87.o)

.bss%z33        0x00000000        0x0
 .bss           0x00000000        0x0 c:/program files (x86)/microchip/xc32/v2.20/bin/bin/../../lib/gcc/pic32mx/4.8.3/../../../../pic32mx/lib/micromips\libpic32.a(vector86.o)

.data%z34       0x00000000        0x0
 .data          0x00000000        0x0 c:/program files (x86)/microchip/xc32/v2.20/bin/bin/../../lib/gcc/pic32mx/4.8.3/../../../../pic32mx/lib/micromips\libpic32.a(vector86.o)

.bss%z35        0x00000000        0x0
 .bss           0x00000000        0x0 c:/program files (x86)/microchip/xc32/v2.20/bin/bin/../../lib/gcc/pic32mx/4.8.3/../../../../pic32mx/lib/micromips\libpic32.a(vector85.o)

.data%z36       0x00000000        0x0
 .data          0x00000000        0x0 c:/program files (x86)/microchip/xc32/v2.20/bin/bin/../../lib/gcc/pic32mx/4.8.3/../../../../pic32mx/lib/micromips\libpic32.a(vector85.o)

.bss%z37        0x00000000        0x0
 .bss           0x00000000        0x0 c:/program files (x86)/microchip/xc32/v2.20/bin/bin/../../lib/gcc/pic32mx/4.8.3/../../../../pic32mx/lib/micromips\libpic32.a(vector84.o)

.data%z38       0x00000000        0x0
 .data          0x00000000        0x0 c:/program files (x86)/microchip/xc32/v2.20/bin/bin/../../lib/gcc/pic32mx/4.8.3/../../../../pic32mx/lib/micromips\libpic32.a(vector84.o)

.bss%z39        0x00000000        0x0
 .bss           0x00000000        0x0 c:/program files (x86)/microchip/xc32/v2.20/bin/bin/../../lib/gcc/pic32mx/4.8.3/../../../../pic32mx/lib/micromips\libpic32.a(vector83.o)

.data%z40       0x00000000        0x0
 .data          0x00000000        0x0 c:/program files (x86)/microchip/xc32/v2.20/bin/bin/../../lib/gcc/pic32mx/4.8.3/../../../../pic32mx/lib/micromips\libpic32.a(vector83.o)

.bss%z41        0x00000000        0x0
 .bss           0x00000000        0x0 c:/program files (x86)/microchip/xc32/v2.20/bin/bin/../../lib/gcc/pic32mx/4.8.3/../../../../pic32mx/lib/micromips\libpic32.a(vector82.o)

.data%z42       0x00000000        0x0
 .data          0x00000000        0x0 c:/program files (x86)/microchip/xc32/v2.20/bin/bin/../../lib/gcc/pic32mx/4.8.3/../../../../pic32mx/lib/micromips\libpic32.a(vector82.o)

.bss%z43        0x00000000        0x0
 .bss           0x00000000        0x0 c:/program files (x86)/microchip/xc32/v2.20/bin/bin/../../lib/gcc/pic32mx/4.8.3/../../../../pic32mx/lib/micromips\libpic32.a(vector81.o)

.data%z44       0x00000000        0x0
 .data          0x00000000        0x0 c:/program files (x86)/microchip/xc32/v2.20/bin/bin/../../lib/gcc/pic32mx/4.8.3/../../../../pic32mx/lib/micromips\libpic32.a(vector81.o)

.bss%z45        0x00000000        0x0
 .bss           0x00000000        0x0 c:/program files (x86)/microchip/xc32/v2.20/bin/bin/../../lib/gcc/pic32mx/4.8.3/../../../../pic32mx/lib/micromips\libpic32.a(vector80.o)

.data%z46       0x00000000        0x0
 .data          0x00000000        0x0 c:/program files (x86)/microchip/xc32/v2.20/bin/bin/../../lib/gcc/pic32mx/4.8.3/../../../../pic32mx/lib/micromips\libpic32.a(vector80.o)

.bss%z47        0x00000000        0x0
 .bss           0x00000000        0x0 c:/program files (x86)/microchip/xc32/v2.20/bin/bin/../../lib/gcc/pic32mx/4.8.3/../../../../pic32mx/lib/micromips\libpic32.a(vector79.o)

.data%z48       0x00000000        0x0
 .data          0x00000000        0x0 c:/program files (x86)/microchip/xc32/v2.20/bin/bin/../../lib/gcc/pic32mx/4.8.3/../../../../pic32mx/lib/micromips\libpic32.a(vector79.o)

.bss%z49        0x00000000        0x0
 .bss           0x00000000        0x0 c:/program files (x86)/microchip/xc32/v2.20/bin/bin/../../lib/gcc/pic32mx/4.8.3/../../../../pic32mx/lib/micromips\libpic32.a(vector78.o)

.data%z50       0x00000000        0x0